Component: ARM Compiler 6.14 Tool: armlink [5db06800]

==============================================================================

Section Cross References

    gd32f30x_adc.o(.text.adc_deinit) refers to gd32f30x_rcu.o(.text.rcu_periph_reset_enable) for rcu_periph_reset_enable
    gd32f30x_adc.o(.text.adc_deinit) refers to gd32f30x_rcu.o(.text.rcu_periph_reset_disable) for rcu_periph_reset_disable
    gd32f30x_adc.o(.ARM.exidx.text.adc_deinit) refers to gd32f30x_adc.o(.text.adc_deinit) for [Anonymous Symbol]
    gd32f30x_adc.o(.ARM.exidx.text.adc_enable) refers to gd32f30x_adc.o(.text.adc_enable) for [Anonymous Symbol]
    gd32f30x_adc.o(.ARM.exidx.text.adc_disable) refers to gd32f30x_adc.o(.text.adc_disable) for [Anonymous Symbol]
    gd32f30x_adc.o(.ARM.exidx.text.adc_calibration_enable) refers to gd32f30x_adc.o(.text.adc_calibration_enable) for [Anonymous Symbol]
    gd32f30x_adc.o(.ARM.exidx.text.adc_dma_mode_enable) refers to gd32f30x_adc.o(.text.adc_dma_mode_enable) for [Anonymous Symbol]
    gd32f30x_adc.o(.ARM.exidx.text.adc_dma_mode_disable) refers to gd32f30x_adc.o(.text.adc_dma_mode_disable) for [Anonymous Symbol]
    gd32f30x_adc.o(.ARM.exidx.text.adc_tempsensor_vrefint_enable) refers to gd32f30x_adc.o(.text.adc_tempsensor_vrefint_enable) for [Anonymous Symbol]
    gd32f30x_adc.o(.ARM.exidx.text.adc_tempsensor_vrefint_disable) refers to gd32f30x_adc.o(.text.adc_tempsensor_vrefint_disable) for [Anonymous Symbol]
    gd32f30x_adc.o(.ARM.exidx.text.adc_resolution_config) refers to gd32f30x_adc.o(.text.adc_resolution_config) for [Anonymous Symbol]
    gd32f30x_adc.o(.ARM.exidx.text.adc_discontinuous_mode_config) refers to gd32f30x_adc.o(.text.adc_discontinuous_mode_config) for [Anonymous Symbol]
    gd32f30x_adc.o(.ARM.exidx.text.adc_mode_config) refers to gd32f30x_adc.o(.text.adc_mode_config) for [Anonymous Symbol]
    gd32f30x_adc.o(.ARM.exidx.text.adc_special_function_config) refers to gd32f30x_adc.o(.text.adc_special_function_config) for [Anonymous Symbol]
    gd32f30x_adc.o(.ARM.exidx.text.adc_data_alignment_config) refers to gd32f30x_adc.o(.text.adc_data_alignment_config) for [Anonymous Symbol]
    gd32f30x_adc.o(.ARM.exidx.text.adc_channel_length_config) refers to gd32f30x_adc.o(.text.adc_channel_length_config) for [Anonymous Symbol]
    gd32f30x_adc.o(.ARM.exidx.text.adc_regular_channel_config) refers to gd32f30x_adc.o(.text.adc_regular_channel_config) for [Anonymous Symbol]
    gd32f30x_adc.o(.ARM.exidx.text.adc_inserted_channel_config) refers to gd32f30x_adc.o(.text.adc_inserted_channel_config) for [Anonymous Symbol]
    gd32f30x_adc.o(.ARM.exidx.text.adc_inserted_channel_offset_config) refers to gd32f30x_adc.o(.text.adc_inserted_channel_offset_config) for [Anonymous Symbol]
    gd32f30x_adc.o(.ARM.exidx.text.adc_external_trigger_config) refers to gd32f30x_adc.o(.text.adc_external_trigger_config) for [Anonymous Symbol]
    gd32f30x_adc.o(.ARM.exidx.text.adc_external_trigger_source_config) refers to gd32f30x_adc.o(.text.adc_external_trigger_source_config) for [Anonymous Symbol]
    gd32f30x_adc.o(.ARM.exidx.text.adc_software_trigger_enable) refers to gd32f30x_adc.o(.text.adc_software_trigger_enable) for [Anonymous Symbol]
    gd32f30x_adc.o(.ARM.exidx.text.adc_regular_data_read) refers to gd32f30x_adc.o(.text.adc_regular_data_read) for [Anonymous Symbol]
    gd32f30x_adc.o(.ARM.exidx.text.adc_inserted_data_read) refers to gd32f30x_adc.o(.text.adc_inserted_data_read) for [Anonymous Symbol]
    gd32f30x_adc.o(.ARM.exidx.text.adc_sync_mode_convert_value_read) refers to gd32f30x_adc.o(.text.adc_sync_mode_convert_value_read) for [Anonymous Symbol]
    gd32f30x_adc.o(.ARM.exidx.text.adc_flag_get) refers to gd32f30x_adc.o(.text.adc_flag_get) for [Anonymous Symbol]
    gd32f30x_adc.o(.ARM.exidx.text.adc_flag_clear) refers to gd32f30x_adc.o(.text.adc_flag_clear) for [Anonymous Symbol]
    gd32f30x_adc.o(.ARM.exidx.text.adc_interrupt_flag_get) refers to gd32f30x_adc.o(.text.adc_interrupt_flag_get) for [Anonymous Symbol]
    gd32f30x_adc.o(.ARM.exidx.text.adc_interrupt_flag_clear) refers to gd32f30x_adc.o(.text.adc_interrupt_flag_clear) for [Anonymous Symbol]
    gd32f30x_adc.o(.ARM.exidx.text.adc_interrupt_enable) refers to gd32f30x_adc.o(.text.adc_interrupt_enable) for [Anonymous Symbol]
    gd32f30x_adc.o(.ARM.exidx.text.adc_interrupt_disable) refers to gd32f30x_adc.o(.text.adc_interrupt_disable) for [Anonymous Symbol]
    gd32f30x_adc.o(.ARM.exidx.text.adc_watchdog_single_channel_enable) refers to gd32f30x_adc.o(.text.adc_watchdog_single_channel_enable) for [Anonymous Symbol]
    gd32f30x_adc.o(.ARM.exidx.text.adc_watchdog_group_channel_enable) refers to gd32f30x_adc.o(.text.adc_watchdog_group_channel_enable) for [Anonymous Symbol]
    gd32f30x_adc.o(.ARM.exidx.text.adc_watchdog_disable) refers to gd32f30x_adc.o(.text.adc_watchdog_disable) for [Anonymous Symbol]
[...]
    Removing gd32f30x_i2c.o(.text.i2c_interrupt_flag_get), (84 bytes).
    Removing gd32f30x_i2c.o(.ARM.exidx.text.i2c_interrupt_flag_get), (8 bytes).
    Removing gd32f30x_i2c.o(.text.i2c_interrupt_flag_clear), (42 bytes).
    Removing gd32f30x_i2c.o(.ARM.exidx.text.i2c_interrupt_flag_clear), (8 bytes).
    Removing gd32f30x_misc.o(.text), (0 bytes).
    Removing gd32f30x_misc.o(.text.nvic_priority_group_set), (20 bytes).
    Removing gd32f30x_misc.o(.ARM.exidx.text.nvic_priority_group_set), (8 bytes).
    Removing gd32f30x_misc.o(.text.nvic_irq_enable), (170 bytes).
    Removing gd32f30x_misc.o(.ARM.exidx.text.nvic_irq_enable), (8 bytes).
    Removing gd32f30x_misc.o(.text.nvic_irq_disable), (30 bytes).
    Removing gd32f30x_misc.o(.ARM.exidx.text.nvic_irq_disable), (8 bytes).
    Removing gd32f30x_misc.o(.text.nvic_vector_table_set), (24 bytes).
    Removing gd32f30x_misc.o(.ARM.exidx.text.nvic_vector_table_set), (8 bytes).
    Removing gd32f30x_misc.o(.text.system_lowpower_set), (16 bytes).
    Removing gd32f30x_misc.o(.ARM.exidx.text.system_lowpower_set), (8 bytes).
    Removing gd32f30x_misc.o(.text.system_lowpower_reset), (18 bytes).
    Removing gd32f30x_misc.o(.ARM.exidx.text.system_lowpower_reset), (8 bytes).
    Removing gd32f30x_misc.o(.text.systick_clksource_set), (26 bytes).
    Removing gd32f30x_misc.o(.ARM.exidx.text.systick_clksource_set), (8 bytes).
    Removing gd32f30x_pmu.o(.text), (0 bytes).
    Removing gd32f30x_pmu.o(.text.pmu_deinit), (20 bytes).
    Removing gd32f30x_pmu.o(.ARM.exidx.text.pmu_deinit), (8 bytes).
    Removing gd32f30x_pmu.o(.text.pmu_lvd_select), (40 bytes).
    Removing gd32f30x_pmu.o(.ARM.exidx.text.pmu_lvd_select), (8 bytes).
    Removing gd32f30x_pmu.o(.text.pmu_ldo_output_select), (24 bytes).
    Removing gd32f30x_pmu.o(.ARM.exidx.text.pmu_ldo_output_select), (8 bytes).
    Removing gd32f30x_pmu.o(.text.pmu_lvd_disable), (18 bytes).
    Removing gd32f30x_pmu.o(.ARM.exidx.text.pmu_lvd_disable), (8 bytes).
    Removing gd32f30x_pmu.o(.text.pmu_highdriver_switch_select), (40 bytes).
    Removing gd32f30x_pmu.o(.ARM.exidx.text.pmu_highdriver_switch_select), (8 bytes).
    Removing gd32f30x_pmu.o(.text.pmu_flag_get), (18 bytes).
    Removing gd32f30x_pmu.o(.ARM.exidx.text.pmu_flag_get), (8 bytes).
    Removing gd32f30x_pmu.o(.text.pmu_highdriver_mode_enable), (18 bytes).
    Removing gd32f30x_pmu.o(.ARM.exidx.text.pmu_highdriver_mode_enable), (8 bytes).
    Removing gd32f30x_pmu.o(.text.pmu_highdriver_mode_disable), (18 bytes).
    Removing gd32f30x_pmu.o(.ARM.exidx.text.pmu_highdriver_mode_disable), (8 bytes).
    Removing gd32f30x_pmu.o(.text.pmu_lowdriver_mode_enable), (18 bytes).
    Removing gd32f30x_pmu.o(.ARM.exidx.text.pmu_lowdriver_mode_enable), (8 bytes).
    Removing gd32f30x_pmu.o(.text.pmu_lowdriver_mode_disable), (18 bytes).
    Removing gd32f30x_pmu.o(.ARM.exidx.text.pmu_lowdriver_mode_disable), (8 bytes).
    Removing gd32f30x_pmu.o(.text.pmu_lowpower_driver_config), (24 bytes).
    Removing gd32f30x_pmu.o(.ARM.exidx.text.pmu_lowpower_driver_config), (8 bytes).
    Removing gd32f30x_pmu.o(.text.pmu_normalpower_driver_config), (24 bytes).
    Removing gd32f30x_pmu.o(.ARM.exidx.text.pmu_normalpower_driver_config), (8 bytes).
    Removing gd32f30x_pmu.o(.text.pmu_to_sleepmode), (26 bytes).
    Removing gd32f30x_pmu.o(.ARM.exidx.text.pmu_to_sleepmode), (8 bytes).
    Removing gd32f30x_pmu.o(.text.pmu_to_deepsleepmode), (68 bytes).
    Removing gd32f30x_pmu.o(.ARM.exidx.text.pmu_to_deepsleepmode), (8 bytes).
    Removing gd32f30x_pmu.o(.text.pmu_to_standbymode), (50 bytes).
    Removing gd32f30x_pmu.o(.ARM.exidx.text.pmu_to_standbymode), (8 bytes).
    Removing gd32f30x_pmu.o(.text.pmu_backup_write_enable), (18 bytes).
    Removing gd32f30x_pmu.o(.ARM.exidx.text.pmu_backup_write_enable), (8 bytes).
    Removing gd32f30x_pmu.o(.text.pmu_backup_write_disable), (18 bytes).
    Removing gd32f30x_pmu.o(.ARM.exidx.text.pmu_backup_write_disable), (8 bytes).
    Removing gd32f30x_pmu.o(.text.pmu_wakeup_pin_enable), (18 bytes).
    Removing gd32f30x_pmu.o(.ARM.exidx.text.pmu_wakeup_pin_enable), (8 bytes).
    Removing gd32f30x_pmu.o(.text.pmu_wakeup_pin_disable), (18 bytes).
    Removing gd32f30x_pmu.o(.ARM.exidx.text.pmu_wakeup_pin_disable), (8 bytes).
    Removing gd32f30x_pmu.o(.text.pmu_flag_clear), (30 bytes).
    Removing gd32f30x_pmu.o(.ARM.exidx.text.pmu_flag_clear), (8 bytes).
    Removing gd32f30x_rcu.o(.text), (0 bytes).
    Removing gd32f30x_rcu.o(.text.rcu_deinit), (74 bytes).
    Removing gd32f30x_rcu.o(.ARM.exidx.text.rcu_deinit), (8 bytes).
    Removing gd32f30x_rcu.o(.text.rcu_osci_stab_wait), (238 bytes).
    Removing gd32f30x_rcu.o(.ARM.exidx.text.rcu_osci_stab_wait), (8 bytes).
    Removing gd32f30x_rcu.o(.ARM.exidx.text.rcu_periph_clock_enable), (8 bytes).
    Removing gd32f30x_rcu.o(.text.rcu_periph_clock_disable), (32 bytes).
    Removing gd32f30x_rcu.o(.ARM.exidx.text.rcu_periph_clock_disable), (8 bytes).
    Removing gd32f30x_rcu.o(.text.rcu_periph_clock_sleep_enable), (30 bytes).
    Removing gd32f30x_rcu.o(.ARM.exidx.text.rcu_periph_clock_sleep_enable), (8 bytes).
    Removing gd32f30x_rcu.o(.text.rcu_periph_clock_sleep_disable), (32 bytes).
    Removing gd32f30x_rcu.o(.ARM.exidx.text.rcu_periph_clock_sleep_disable), (8 bytes).
    Removing gd32f30x_rcu.o(.text.rcu_periph_reset_enable), (30 bytes).
    Removing gd32f30x_rcu.o(.ARM.exidx.text.rcu_periph_reset_enable), (8 bytes).
    Removing gd32f30x_rcu.o(.text.rcu_periph_reset_disable), (32 bytes).
    Removing gd32f30x_rcu.o(.ARM.exidx.text.rcu_periph_reset_disable), (8 bytes).
    Removing gd32f30x_rcu.o(.text.rcu_bkp_reset_enable), (18 bytes).
    Removing gd32f30x_rcu.o(.ARM.exidx.text.rcu_bkp_reset_enable), (8 bytes).
    Removing gd32f30x_rcu.o(.text.rcu_bkp_reset_disable), (18 bytes).
    Removing gd32f30x_rcu.o(.ARM.exidx.text.rcu_bkp_reset_disable), (8 bytes).
    Removing gd32f30x_rcu.o(.text.rcu_system_clock_source_config), (20 bytes).
    Removing gd32f30x_rcu.o(.ARM.exidx.text.rcu_system_clock_source_config), (8 bytes).
    Removing gd32f30x_rcu.o(.text.rcu_system_clock_source_get), (16 bytes).
    Removing gd32f30x_rcu.o(.ARM.exidx.text.rcu_system_clock_source_get), (8 bytes).
    Removing gd32f30x_rcu.o(.text.rcu_ahb_clock_config), (20 bytes).
    Removing gd32f30x_rcu.o(.ARM.exidx.text.rcu_ahb_clock_config), (8 bytes).
    Removing gd32f30x_rcu.o(.text.rcu_apb1_clock_config), (20 bytes).
    Removing gd32f30x_rcu.o(.ARM.exidx.text.rcu_apb1_clock_config), (8 bytes).
    Removing gd32f30x_rcu.o(.text.rcu_apb2_clock_config), (20 bytes).
    Removing gd32f30x_rcu.o(.ARM.exidx.text.rcu_apb2_clock_config), (8 bytes).
    Removing gd32f30x_rcu.o(.text.rcu_ckout0_config), (20 bytes).
    Removing gd32f30x_rcu.o(.ARM.exidx.text.rcu_ckout0_config), (8 bytes).
    Removing gd32f30x_rcu.o(.text.rcu_pll_config), (32 bytes).
    Removing gd32f30x_rcu.o(.ARM.exidx.text.rcu_pll_config), (8 bytes).
    Removing gd32f30x_rcu.o(.text.rcu_pllpresel_config), (20 bytes).
    Removing gd32f30x_rcu.o(.ARM.exidx.text.rcu_pllpresel_config), (8 bytes).
    Removing gd32f30x_rcu.o(.text.rcu_predv0_config), (26 bytes).
    Removing gd32f30x_rcu.o(.ARM.exidx.text.rcu_predv0_config), (8 bytes).
    Removing gd32f30x_rcu.o(.text.rcu_adc_clock_config), (114 bytes).
    Removing gd32f30x_rcu.o(.ARM.exidx.text.rcu_adc_clock_config), (8 bytes).
    Removing gd32f30x_rcu.o(.text.rcu_usb_clock_config), (20 bytes).
    Removing gd32f30x_rcu.o(.ARM.exidx.text.rcu_usb_clock_config), (8 bytes).
    Removing gd32f30x_rcu.o(.text.rcu_rtc_clock_config), (20 bytes).
    Removing gd32f30x_rcu.o(.ARM.exidx.text.rcu_rtc_clock_config), (8 bytes).
    Removing gd32f30x_rcu.o(.text.rcu_ck48m_clock_config), (20 bytes).
    Removing gd32f30x_rcu.o(.ARM.exidx.text.rcu_ck48m_clock_config), (8 bytes).
    Removing gd32f30x_rcu.o(.text.rcu_flag_get), (26 bytes).
    Removing gd32f30x_rcu.o(.ARM.exidx.text.rcu_flag_get), (8 bytes).
    Removing gd32f30x_rcu.o(.text.rcu_all_reset_flag_clear), (18 bytes).
    Removing gd32f30x_rcu.o(.ARM.exidx.text.rcu_all_reset_flag_clear), (8 bytes).
    Removing gd32f30x_rcu.o(.text.rcu_interrupt_flag_get), (26 bytes).
    Removing gd32f30x_rcu.o(.ARM.exidx.text.rcu_interrupt_flag_get), (8 bytes).
    Removing gd32f30x_rcu.o(.text.rcu_interrupt_flag_clear), (30 bytes).
    Removing gd32f30x_rcu.o(.ARM.exidx.text.rcu_interrupt_flag_clear), (8 bytes).
    Removing gd32f30x_rcu.o(.text.rcu_interrupt_enable), (30 bytes).
    Removing gd32f30x_rcu.o(.ARM.exidx.text.rcu_interrupt_enable), (8 bytes).
    Removing gd32f30x_rcu.o(.text.rcu_interrupt_disable), (32 bytes).
    Removing gd32f30x_rcu.o(.ARM.exidx.text.rcu_interrupt_disable), (8 bytes).
    Removing gd32f30x_rcu.o(.text.rcu_lxtal_drive_capability_config), (20 bytes).
    Removing gd32f30x_rcu.o(.ARM.exidx.text.rcu_lxtal_drive_capability_config), (8 bytes).
    Removing gd32f30x_rcu.o(.text.rcu_osci_on), (30 bytes).
    Removing gd32f30x_rcu.o(.ARM.exidx.text.rcu_osci_on), (8 bytes).
    Removing gd32f30x_rcu.o(.text.rcu_osci_off), (32 bytes).
    Removing gd32f30x_rcu.o(.ARM.exidx.text.rcu_osci_off), (8 bytes).
    Removing gd32f30x_rcu.o(.text.rcu_osci_bypass_mode_enable), (64 bytes).
    Removing gd32f30x_rcu.o(.ARM.exidx.text.rcu_osci_bypass_mode_enable), (8 bytes).
    Removing gd32f30x_rcu.o(.text.rcu_osci_bypass_mode_disable), (64 bytes).
    Removing gd32f30x_rcu.o(.ARM.exidx.text.rcu_osci_bypass_mode_disable), (8 bytes).
    Removing gd32f30x_rcu.o(.text.rcu_hxtal_clock_monitor_enable), (18 bytes).
    Removing gd32f30x_rcu.o(.ARM.exidx.text.rcu_hxtal_clock_monitor_enable), (8 bytes).
    Removing gd32f30x_rcu.o(.text.rcu_hxtal_clock_monitor_disable), (18 bytes).
    Removing gd32f30x_rcu.o(.ARM.exidx.text.rcu_hxtal_clock_monitor_disable), (8 bytes).
    Removing gd32f30x_rcu.o(.text.rcu_irc8m_adjust_value_set), (18 bytes).
    Removing gd32f30x_rcu.o(.ARM.exidx.text.rcu_irc8m_adjust_value_set), (8 bytes).
    Removing gd32f30x_rcu.o(.text.rcu_deepsleep_voltage_set), (16 bytes).
    Removing gd32f30x_rcu.o(.ARM.exidx.text.rcu_deepsleep_voltage_set), (8 bytes).
    Removing gd32f30x_rcu.o(.text.rcu_clock_freq_get), (212 bytes).
    Removing gd32f30x_rcu.o(.ARM.exidx.text.rcu_clock_freq_get), (8 bytes).
    Removing gd32f30x_rtc.o(.text), (0 bytes).
    Removing gd32f30x_rtc.o(.text.rtc_interrupt_enable), (16 bytes).
    Removing gd32f30x_rtc.o(.ARM.exidx.text.rtc_interrupt_enable), (8 bytes).
    Removing gd32f30x_rtc.o(.text.rtc_interrupt_disable), (18 bytes).
    Removing gd32f30x_rtc.o(.ARM.exidx.text.rtc_interrupt_disable), (8 bytes).
    Removing gd32f30x_rtc.o(.text.rtc_configuration_mode_enter), (18 bytes).
    Removing gd32f30x_rtc.o(.ARM.exidx.text.rtc_configuration_mode_enter), (8 bytes).
    Removing gd32f30x_rtc.o(.text.rtc_configuration_mode_exit), (18 bytes).
    Removing gd32f30x_rtc.o(.ARM.exidx.text.rtc_configuration_mode_exit), (8 bytes).
    Removing gd32f30x_rtc.o(.text.rtc_lwoff_wait), (16 bytes).
    Removing gd32f30x_rtc.o(.ARM.exidx.text.rtc_lwoff_wait), (8 bytes).
    Removing gd32f30x_rtc.o(.text.rtc_register_sync_wait), (24 bytes).
    Removing gd32f30x_rtc.o(.ARM.exidx.text.rtc_register_sync_wait), (8 bytes).
    Removing gd32f30x_rtc.o(.text.rtc_counter_get), (18 bytes).
    Removing gd32f30x_rtc.o(.ARM.exidx.text.rtc_counter_get), (8 bytes).
    Removing gd32f30x_rtc.o(.text.rtc_counter_set), (30 bytes).
    Removing gd32f30x_rtc.o(.ARM.exidx.text.rtc_counter_set), (8 bytes).
    Removing gd32f30x_rtc.o(.text.rtc_prescaler_set), (32 bytes).
    Removing gd32f30x_rtc.o(.ARM.exidx.text.rtc_prescaler_set), (8 bytes).
    Removing gd32f30x_rtc.o(.text.rtc_alarm_config), (30 bytes).
    Removing gd32f30x_rtc.o(.ARM.exidx.text.rtc_alarm_config), (8 bytes).
    Removing gd32f30x_rtc.o(.text.rtc_divider_get), (22 bytes).
    Removing gd32f30x_rtc.o(.ARM.exidx.text.rtc_divider_get), (8 bytes).
    Removing gd32f30x_rtc.o(.text.rtc_flag_get), (18 bytes).
    Removing gd32f30x_rtc.o(.ARM.exidx.text.rtc_flag_get), (8 bytes).
    Removing gd32f30x_rtc.o(.text.rtc_flag_clear), (18 bytes).
    Removing gd32f30x_rtc.o(.ARM.exidx.text.rtc_flag_clear), (8 bytes).
    Removing gd32f30x_sdio.o(.text), (0 bytes).
    Removing gd32f30x_sdio.o(.text.sdio_deinit), (30 bytes).
    Removing gd32f30x_sdio.o(.ARM.exidx.text.sdio_deinit), (8 bytes).
    Removing gd32f30x_sdio.o(.text.sdio_clock_config), (54 bytes).
    Removing gd32f30x_sdio.o(.ARM.exidx.text.sdio_clock_config), (8 bytes).
    Removing gd32f30x_sdio.o(.text.sdio_hardware_clock_enable), (18 bytes).
    Removing gd32f30x_sdio.o(.ARM.exidx.text.sdio_hardware_clock_enable), (8 bytes).
    Removing gd32f30x_sdio.o(.text.sdio_hardware_clock_disable), (18 bytes).
    Removing gd32f30x_sdio.o(.ARM.exidx.text.sdio_hardware_clock_disable), (8 bytes).
    Removing gd32f30x_sdio.o(.text.sdio_bus_mode_set), (24 bytes).
    Removing gd32f30x_sdio.o(.ARM.exidx.text.sdio_bus_mode_set), (8 bytes).
    Removing gd32f30x_sdio.o(.text.sdio_power_state_set), (12 bytes).
    Removing gd32f30x_sdio.o(.ARM.exidx.text.sdio_power_state_set), (8 bytes).
    Removing gd32f30x_sdio.o(.text.sdio_power_state_get), (12 bytes).
    Removing gd32f30x_sdio.o(.ARM.exidx.text.sdio_power_state_get), (8 bytes).
    Removing gd32f30x_sdio.o(.text.sdio_clock_enable), (18 bytes).
    Removing gd32f30x_sdio.o(.ARM.exidx.text.sdio_clock_enable), (8 bytes).
    Removing gd32f30x_sdio.o(.text.sdio_clock_disable), (18 bytes).
    Removing gd32f30x_sdio.o(.ARM.exidx.text.sdio_clock_disable), (8 bytes).
    Removing gd32f30x_sdio.o(.text.sdio_command_response_config), (40 bytes).
    Removing gd32f30x_sdio.o(.ARM.exidx.text.sdio_command_response_config), (8 bytes).
    Removing gd32f30x_sdio.o(.text.sdio_wait_type_set), (24 bytes).
    Removing gd32f30x_sdio.o(.ARM.exidx.text.sdio_wait_type_set), (8 bytes).
    Removing gd32f30x_sdio.o(.text.sdio_csm_enable), (18 bytes).
    Removing gd32f30x_sdio.o(.ARM.exidx.text.sdio_csm_enable), (8 bytes).
    Removing gd32f30x_sdio.o(.text.sdio_csm_disable), (18 bytes).
    Removing gd32f30x_sdio.o(.ARM.exidx.text.sdio_csm_disable), (8 bytes).
    Removing gd32f30x_sdio.o(.text.sdio_command_index_get), (14 bytes).
    Removing gd32f30x_sdio.o(.ARM.exidx.text.sdio_command_index_get), (8 bytes).
    Removing gd32f30x_sdio.o(.text.sdio_response_get), (64 bytes).
    Removing gd32f30x_sdio.o(.ARM.exidx.text.sdio_response_get), (8 bytes).
    Removing gd32f30x_sdio.o(.text.sdio_data_config), (62 bytes).
    Removing gd32f30x_sdio.o(.ARM.exidx.text.sdio_data_config), (8 bytes).
    Removing gd32f30x_sdio.o(.text.sdio_data_transfer_config), (22 bytes).
    Removing gd32f30x_sdio.o(.ARM.exidx.text.sdio_data_transfer_config), (8 bytes).
    Removing gd32f30x_sdio.o(.text.sdio_dsm_enable), (18 bytes).
    Removing gd32f30x_sdio.o(.ARM.exidx.text.sdio_dsm_enable), (8 bytes).
    Removing gd32f30x_sdio.o(.text.sdio_dsm_disable), (18 bytes).
    Removing gd32f30x_sdio.o(.ARM.exidx.text.sdio_dsm_disable), (8 bytes).
    Removing gd32f30x_sdio.o(.text.sdio_data_write), (12 bytes).
    Removing gd32f30x_sdio.o(.ARM.exidx.text.sdio_data_write), (8 bytes).
    Removing gd32f30x_sdio.o(.text.sdio_data_read), (12 bytes).
    Removing gd32f30x_sdio.o(.ARM.exidx.text.sdio_data_read), (8 bytes).
    Removing gd32f30x_sdio.o(.text.sdio_data_counter_get), (12 bytes).
    Removing gd32f30x_sdio.o(.ARM.exidx.text.sdio_data_counter_get), (8 bytes).
    Removing gd32f30x_sdio.o(.text.sdio_fifo_counter_get), (12 bytes).
    Removing gd32f30x_sdio.o(.ARM.exidx.text.sdio_fifo_counter_get), (8 bytes).
    Removing gd32f30x_sdio.o(.text.sdio_dma_enable), (18 bytes).
    Removing gd32f30x_sdio.o(.ARM.exidx.text.sdio_dma_enable), (8 bytes).
    Removing gd32f30x_sdio.o(.text.sdio_dma_disable), (18 bytes).
    Removing gd32f30x_sdio.o(.ARM.exidx.text.sdio_dma_disable), (8 bytes).
    Removing gd32f30x_sdio.o(.text.sdio_flag_get), (18 bytes).
    Removing gd32f30x_sdio.o(.ARM.exidx.text.sdio_flag_get), (8 bytes).
    Removing gd32f30x_sdio.o(.text.sdio_flag_clear), (12 bytes).
    Removing gd32f30x_sdio.o(.ARM.exidx.text.sdio_flag_clear), (8 bytes).
    Removing gd32f30x_sdio.o(.text.sdio_interrupt_enable), (16 bytes).
    Removing gd32f30x_sdio.o(.ARM.exidx.text.sdio_interrupt_enable), (8 bytes).
    Removing gd32f30x_sdio.o(.text.sdio_interrupt_disable), (18 bytes).
    Removing gd32f30x_sdio.o(.ARM.exidx.text.sdio_interrupt_disable), (8 bytes).
    Removing gd32f30x_sdio.o(.text.sdio_interrupt_flag_get), (18 bytes).
    Removing gd32f30x_sdio.o(.ARM.exidx.text.sdio_interrupt_flag_get), (8 bytes).
    Removing gd32f30x_sdio.o(.text.sdio_interrupt_flag_clear), (12 bytes).
    Removing gd32f30x_sdio.o(.ARM.exidx.text.sdio_interrupt_flag_clear), (8 bytes).
    Removing gd32f30x_sdio.o(.text.sdio_readwait_enable), (18 bytes).
    Removing gd32f30x_sdio.o(.ARM.exidx.text.sdio_readwait_enable), (8 bytes).
    Removing gd32f30x_sdio.o(.text.sdio_readwait_disable), (18 bytes).
    Removing gd32f30x_sdio.o(.ARM.exidx.text.sdio_readwait_disable), (8 bytes).
    Removing gd32f30x_sdio.o(.text.sdio_stop_readwait_enable), (18 bytes).
    Removing gd32f30x_sdio.o(.ARM.exidx.text.sdio_stop_readwait_enable), (8 bytes).
    Removing gd32f30x_sdio.o(.text.sdio_stop_readwait_disable), (18 bytes).
    Removing gd32f30x_sdio.o(.ARM.exidx.text.sdio_stop_readwait_disable), (8 bytes).
    Removing gd32f30x_sdio.o(.text.sdio_readwait_type_set), (28 bytes).
    Removing gd32f30x_sdio.o(.ARM.exidx.text.sdio_readwait_type_set), (8 bytes).
    Removing gd32f30x_sdio.o(.text.sdio_operation_enable), (18 bytes).
    Removing gd32f30x_sdio.o(.ARM.exidx.text.sdio_operation_enable), (8 bytes).
    Removing gd32f30x_sdio.o(.text.sdio_operation_disable), (18 bytes).
    Removing gd32f30x_sdio.o(.ARM.exidx.text.sdio_operation_disable), (8 bytes).
    Removing gd32f30x_sdio.o(.text.sdio_suspend_enable), (18 bytes).
    Removing gd32f30x_sdio.o(.ARM.exidx.text.sdio_suspend_enable), (8 bytes).
    Removing gd32f30x_sdio.o(.text.sdio_suspend_disable), (18 bytes).
    Removing gd32f30x_sdio.o(.ARM.exidx.text.sdio_suspend_disable), (8 bytes).
    Removing gd32f30x_sdio.o(.text.sdio_ceata_command_enable), (18 bytes).
    Removing gd32f30x_sdio.o(.ARM.exidx.text.sdio_ceata_command_enable), (8 bytes).
    Removing gd32f30x_sdio.o(.text.sdio_ceata_command_disable), (18 bytes).
    Removing gd32f30x_sdio.o(.ARM.exidx.text.sdio_ceata_command_disable), (8 bytes).
    Removing gd32f30x_sdio.o(.text.sdio_ceata_interrupt_enable), (18 bytes).
    Removing gd32f30x_sdio.o(.ARM.exidx.text.sdio_ceata_interrupt_enable), (8 bytes).
    Removing gd32f30x_sdio.o(.text.sdio_ceata_interrupt_disable), (18 bytes).
    Removing gd32f30x_sdio.o(.ARM.exidx.text.sdio_ceata_interrupt_disable), (8 bytes).
    Removing gd32f30x_sdio.o(.text.sdio_ceata_command_completion_enable), (18 bytes).
    Removing gd32f30x_sdio.o(.ARM.exidx.text.sdio_ceata_command_completion_enable), (8 bytes).
    Removing gd32f30x_sdio.o(.text.sdio_ceata_command_completion_disable), (18 bytes).
    Removing gd32f30x_sdio.o(.ARM.exidx.text.sdio_ceata_command_completion_disable), (8 bytes).
    Removing gd32f30x_spi.o(.text), (0 bytes).
    Removing gd32f30x_spi.o(.text.spi_i2s_deinit), (70 bytes).
    Removing gd32f30x_spi.o(.ARM.exidx.text.spi_i2s_deinit), (8 bytes).
    Removing gd32f30x_spi.o(.text.spi_struct_para_init), (18 bytes).
    Removing gd32f30x_spi.o(.ARM.exidx.text.spi_struct_para_init), (8 bytes).
    Removing gd32f30x_spi.o(.text.spi_init), (52 bytes).
    Removing gd32f30x_spi.o(.ARM.exidx.text.spi_init), (8 bytes).
    Removing gd32f30x_spi.o(.text.spi_enable), (10 bytes).
    Removing gd32f30x_spi.o(.ARM.exidx.text.spi_enable), (8 bytes).
    Removing gd32f30x_spi.o(.text.spi_disable), (10 bytes).
    Removing gd32f30x_spi.o(.ARM.exidx.text.spi_disable), (8 bytes).
    Removing gd32f30x_spi.o(.text.i2s_init), (30 bytes).
    Removing gd32f30x_spi.o(.ARM.exidx.text.i2s_init), (8 bytes).
    Removing gd32f30x_spi.o(.text.i2s_psc_config), (118 bytes).
    Removing gd32f30x_spi.o(.ARM.exidx.text.i2s_psc_config), (8 bytes).
    Removing gd32f30x_spi.o(.text.i2s_enable), (10 bytes).
    Removing gd32f30x_spi.o(.ARM.exidx.text.i2s_enable), (8 bytes).
    Removing gd32f30x_spi.o(.text.i2s_disable), (10 bytes).
    Removing gd32f30x_spi.o(.ARM.exidx.text.i2s_disable), (8 bytes).
    Removing gd32f30x_spi.o(.text.spi_nss_output_enable), (10 bytes).
    Removing gd32f30x_spi.o(.ARM.exidx.text.spi_nss_output_enable), (8 bytes).
    Removing gd32f30x_spi.o(.text.spi_nss_output_disable), (10 bytes).
    Removing gd32f30x_spi.o(.ARM.exidx.text.spi_nss_output_disable), (8 bytes).
    Removing gd32f30x_spi.o(.text.spi_nss_internal_high), (10 bytes).
    Removing gd32f30x_spi.o(.ARM.exidx.text.spi_nss_internal_high), (8 bytes).
    Removing gd32f30x_spi.o(.text.spi_nss_internal_low), (10 bytes).
    Removing gd32f30x_spi.o(.ARM.exidx.text.spi_nss_internal_low), (8 bytes).
    Removing gd32f30x_spi.o(.text.spi_dma_enable), (18 bytes).
    Removing gd32f30x_spi.o(.ARM.exidx.text.spi_dma_enable), (8 bytes).
    Removing gd32f30x_spi.o(.text.spi_dma_disable), (22 bytes).
    Removing gd32f30x_spi.o(.ARM.exidx.text.spi_dma_disable), (8 bytes).
    Removing gd32f30x_spi.o(.text.spi_i2s_data_frame_format_config), (16 bytes).
    Removing gd32f30x_spi.o(.ARM.exidx.text.spi_i2s_data_frame_format_config), (8 bytes).
    Removing gd32f30x_spi.o(.text.spi_i2s_data_transmit), (4 bytes).
    Removing gd32f30x_spi.o(.ARM.exidx.text.spi_i2s_data_transmit), (8 bytes).
    Removing gd32f30x_spi.o(.text.spi_i2s_data_receive), (6 bytes).
    Removing gd32f30x_spi.o(.ARM.exidx.text.spi_i2s_data_receive), (8 bytes).
    Removing gd32f30x_spi.o(.text.spi_bidirectional_transfer_config), (20 bytes).
    Removing gd32f30x_spi.o(.ARM.exidx.text.spi_bidirectional_transfer_config), (8 bytes).
    Removing gd32f30x_spi.o(.text.spi_crc_polynomial_set), (12 bytes).
    Removing gd32f30x_spi.o(.ARM.exidx.text.spi_crc_polynomial_set), (8 bytes).
    Removing gd32f30x_spi.o(.text.spi_crc_polynomial_get), (6 bytes).
    Removing gd32f30x_spi.o(.ARM.exidx.text.spi_crc_polynomial_get), (8 bytes).
    Removing gd32f30x_spi.o(.text.spi_crc_on), (10 bytes).
    Removing gd32f30x_spi.o(.ARM.exidx.text.spi_crc_on), (8 bytes).
    Removing gd32f30x_spi.o(.text.spi_crc_off), (10 bytes).
    Removing gd32f30x_spi.o(.ARM.exidx.text.spi_crc_off), (8 bytes).
    Removing gd32f30x_spi.o(.text.spi_crc_next), (10 bytes).
    Removing gd32f30x_spi.o(.ARM.exidx.text.spi_crc_next), (8 bytes).
    Removing gd32f30x_spi.o(.text.spi_crc_get), (14 bytes).
    Removing gd32f30x_spi.o(.ARM.exidx.text.spi_crc_get), (8 bytes).
    Removing gd32f30x_spi.o(.text.spi_ti_mode_enable), (10 bytes).
    Removing gd32f30x_spi.o(.ARM.exidx.text.spi_ti_mode_enable), (8 bytes).
    Removing gd32f30x_spi.o(.text.spi_ti_mode_disable), (10 bytes).
    Removing gd32f30x_spi.o(.ARM.exidx.text.spi_ti_mode_disable), (8 bytes).
    Removing gd32f30x_spi.o(.text.spi_nssp_mode_enable), (10 bytes).
    Removing gd32f30x_spi.o(.ARM.exidx.text.spi_nssp_mode_enable), (8 bytes).
    Removing gd32f30x_spi.o(.text.spi_nssp_mode_disable), (10 bytes).
    Removing gd32f30x_spi.o(.ARM.exidx.text.spi_nssp_mode_disable), (8 bytes).
    Removing gd32f30x_spi.o(.text.qspi_enable), (14 bytes).
    Removing gd32f30x_spi.o(.ARM.exidx.text.qspi_enable), (8 bytes).
    Removing gd32f30x_spi.o(.text.qspi_disable), (14 bytes).
    Removing gd32f30x_spi.o(.ARM.exidx.text.qspi_disable), (8 bytes).
    Removing gd32f30x_spi.o(.text.qspi_write_enable), (14 bytes).
    Removing gd32f30x_spi.o(.ARM.exidx.text.qspi_write_enable), (8 bytes).
    Removing gd32f30x_spi.o(.text.qspi_read_enable), (14 bytes).
    Removing gd32f30x_spi.o(.ARM.exidx.text.qspi_read_enable), (8 bytes).
    Removing gd32f30x_spi.o(.text.qspi_io23_output_enable), (14 bytes).
    Removing gd32f30x_spi.o(.ARM.exidx.text.qspi_io23_output_enable), (8 bytes).
    Removing gd32f30x_spi.o(.text.qspi_io23_output_disable), (14 bytes).
    Removing gd32f30x_spi.o(.ARM.exidx.text.qspi_io23_output_disable), (8 bytes).
    Removing gd32f30x_spi.o(.text.spi_i2s_interrupt_enable), (36 bytes).
    Removing gd32f30x_spi.o(.ARM.exidx.text.spi_i2s_interrupt_enable), (8 bytes).
    Removing gd32f30x_spi.o(.text.spi_i2s_interrupt_disable), (36 bytes).
    Removing gd32f30x_spi.o(.ARM.exidx.text.spi_i2s_interrupt_disable), (8 bytes).
    Removing gd32f30x_spi.o(.text.spi_i2s_interrupt_flag_get), (104 bytes).
    Removing gd32f30x_spi.o(.ARM.exidx.text.spi_i2s_interrupt_flag_get), (8 bytes).
    Removing gd32f30x_spi.o(.text.spi_i2s_flag_get), (10 bytes).
    Removing gd32f30x_spi.o(.ARM.exidx.text.spi_i2s_flag_get), (8 bytes).
    Removing gd32f30x_spi.o(.text.spi_crc_error_clear), (10 bytes).
    Removing gd32f30x_spi.o(.ARM.exidx.text.spi_crc_error_clear), (8 bytes).
    Removing gd32f30x_timer.o(.text), (0 bytes).
    Removing gd32f30x_timer.o(.text.timer_deinit), (190 bytes).
    Removing gd32f30x_timer.o(.ARM.exidx.text.timer_deinit), (8 bytes).
    Removing gd32f30x_timer.o(.text.timer_struct_para_init), (16 bytes).
    Removing gd32f30x_timer.o(.ARM.exidx.text.timer_struct_para_init), (8 bytes).
    Removing gd32f30x_timer.o(.text.timer_init), (180 bytes).
    Removing gd32f30x_timer.o(.ARM.exidx.text.timer_init), (8 bytes).
    Removing gd32f30x_timer.o(.text.timer_enable), (10 bytes).
    Removing gd32f30x_timer.o(.ARM.exidx.text.timer_enable), (8 bytes).
    Removing gd32f30x_timer.o(.text.timer_disable), (10 bytes).
    Removing gd32f30x_timer.o(.ARM.exidx.text.timer_disable), (8 bytes).
    Removing gd32f30x_timer.o(.text.timer_auto_reload_shadow_enable), (10 bytes).
    Removing gd32f30x_timer.o(.ARM.exidx.text.timer_auto_reload_shadow_enable), (8 bytes).
    Removing gd32f30x_timer.o(.text.timer_auto_reload_shadow_disable), (10 bytes).
    Removing gd32f30x_timer.o(.ARM.exidx.text.timer_auto_reload_shadow_disable), (8 bytes).
    Removing gd32f30x_timer.o(.text.timer_update_event_enable), (10 bytes).
    Removing gd32f30x_timer.o(.ARM.exidx.text.timer_update_event_enable), (8 bytes).
    Removing gd32f30x_timer.o(.text.timer_update_event_disable), (10 bytes).
    Removing gd32f30x_timer.o(.ARM.exidx.text.timer_update_event_disable), (8 bytes).
    Removing gd32f30x_timer.o(.text.timer_counter_alignment), (16 bytes).
    Removing gd32f30x_timer.o(.ARM.exidx.text.timer_counter_alignment), (8 bytes).
    Removing gd32f30x_timer.o(.text.timer_counter_up_direction), (10 bytes).
    Removing gd32f30x_timer.o(.ARM.exidx.text.timer_counter_up_direction), (8 bytes).
    Removing gd32f30x_timer.o(.text.timer_counter_down_direction), (10 bytes).
    Removing gd32f30x_timer.o(.ARM.exidx.text.timer_counter_down_direction), (8 bytes).
    Removing gd32f30x_timer.o(.text.timer_prescaler_config), (18 bytes).
    Removing gd32f30x_timer.o(.ARM.exidx.text.timer_prescaler_config), (8 bytes).
    Removing gd32f30x_timer.o(.text.timer_repetition_value_config), (4 bytes).
    Removing gd32f30x_timer.o(.ARM.exidx.text.timer_repetition_value_config), (8 bytes).
    Removing gd32f30x_timer.o(.text.timer_autoreload_value_config), (4 bytes).
    Removing gd32f30x_timer.o(.ARM.exidx.text.timer_autoreload_value_config), (8 bytes).
    Removing gd32f30x_timer.o(.text.timer_counter_value_config), (4 bytes).
    Removing gd32f30x_timer.o(.ARM.exidx.text.timer_counter_value_config), (8 bytes).
    Removing gd32f30x_timer.o(.text.timer_counter_read), (4 bytes).
    Removing gd32f30x_timer.o(.ARM.exidx.text.timer_counter_read), (8 bytes).
    Removing gd32f30x_timer.o(.text.timer_prescaler_read), (6 bytes).
    Removing gd32f30x_timer.o(.ARM.exidx.text.timer_prescaler_read), (8 bytes).
    Removing gd32f30x_timer.o(.text.timer_single_pulse_mode_config), (30 bytes).
    Removing gd32f30x_timer.o(.ARM.exidx.text.timer_single_pulse_mode_config), (8 bytes).
    Removing gd32f30x_timer.o(.text.timer_update_source_config), (30 bytes).
    Removing gd32f30x_timer.o(.ARM.exidx.text.timer_update_source_config), (8 bytes).
    Removing gd32f30x_timer.o(.text.timer_interrupt_enable), (8 bytes).
    Removing gd32f30x_timer.o(.ARM.exidx.text.timer_interrupt_enable), (8 bytes).
    Removing gd32f30x_timer.o(.text.timer_interrupt_disable), (10 bytes).
    Removing gd32f30x_timer.o(.ARM.exidx.text.timer_interrupt_disable), (8 bytes).
    Removing gd32f30x_timer.o(.text.timer_interrupt_flag_get), (22 bytes).
    Removing gd32f30x_timer.o(.ARM.exidx.text.timer_interrupt_flag_get), (8 bytes).
    Removing gd32f30x_timer.o(.text.timer_interrupt_flag_clear), (10 bytes).
    Removing gd32f30x_timer.o(.ARM.exidx.text.timer_interrupt_flag_clear), (8 bytes).
    Removing gd32f30x_timer.o(.text.timer_flag_get), (10 bytes).
    Removing gd32f30x_timer.o(.ARM.exidx.text.timer_flag_get), (8 bytes).
    Removing gd32f30x_timer.o(.text.timer_flag_clear), (10 bytes).
    Removing gd32f30x_timer.o(.ARM.exidx.text.timer_flag_clear), (8 bytes).
    Removing gd32f30x_timer.o(.text.timer_dma_enable), (8 bytes).
    Removing gd32f30x_timer.o(.ARM.exidx.text.timer_dma_enable), (8 bytes).
    Removing gd32f30x_timer.o(.text.timer_dma_disable), (10 bytes).
    Removing gd32f30x_timer.o(.ARM.exidx.text.timer_dma_disable), (8 bytes).
    Removing gd32f30x_timer.o(.text.timer_channel_dma_request_source_select), (30 bytes).
    Removing gd32f30x_timer.o(.ARM.exidx.text.timer_channel_dma_request_source_select), (8 bytes).
    Removing gd32f30x_timer.o(.text.timer_dma_transfer_config), (24 bytes).
    Removing gd32f30x_timer.o(.ARM.exidx.text.timer_dma_transfer_config), (8 bytes).
    Removing gd32f30x_timer.o(.text.timer_event_software_generate), (8 bytes).
    Removing gd32f30x_timer.o(.ARM.exidx.text.timer_event_software_generate), (8 bytes).
    Removing gd32f30x_timer.o(.text.timer_break_struct_para_init), (12 bytes).
    Removing gd32f30x_timer.o(.ARM.exidx.text.timer_break_struct_para_init), (8 bytes).
    Removing gd32f30x_timer.o(.text.timer_break_config), (38 bytes).
    Removing gd32f30x_timer.o(.ARM.exidx.text.timer_break_config), (8 bytes).
    Removing gd32f30x_timer.o(.text.timer_break_enable), (10 bytes).
    Removing gd32f30x_timer.o(.ARM.exidx.text.timer_break_enable), (8 bytes).
    Removing gd32f30x_timer.o(.text.timer_break_disable), (10 bytes).
    Removing gd32f30x_timer.o(.ARM.exidx.text.timer_break_disable), (8 bytes).
    Removing gd32f30x_timer.o(.text.timer_automatic_output_enable), (10 bytes).
    Removing gd32f30x_timer.o(.ARM.exidx.text.timer_automatic_output_enable), (8 bytes).
    Removing gd32f30x_timer.o(.text.timer_automatic_output_disable), (10 bytes).
    Removing gd32f30x_timer.o(.ARM.exidx.text.timer_automatic_output_disable), (8 bytes).
    Removing gd32f30x_timer.o(.text.timer_primary_output_config), (18 bytes).
    Removing gd32f30x_timer.o(.ARM.exidx.text.timer_primary_output_config), (8 bytes).
    Removing gd32f30x_timer.o(.text.timer_channel_control_shadow_config), (18 bytes).
    Removing gd32f30x_timer.o(.ARM.exidx.text.timer_channel_control_shadow_config), (8 bytes).
    Removing gd32f30x_timer.o(.text.timer_channel_control_shadow_update_config), (30 bytes).
    Removing gd32f30x_timer.o(.ARM.exidx.text.timer_channel_control_shadow_update_config), (8 bytes).
    Removing gd32f30x_timer.o(.text.timer_channel_output_struct_para_init), (10 bytes).
    Removing gd32f30x_timer.o(.ARM.exidx.text.timer_channel_output_struct_para_init), (8 bytes).
    Removing gd32f30x_timer.o(.text.timer_channel_output_config), (522 bytes).
    Removing gd32f30x_timer.o(.ARM.exidx.text.timer_channel_output_config), (8 bytes).
    Removing gd32f30x_timer.o(.text.timer_channel_output_mode_config), (58 bytes).
    Removing gd32f30x_timer.o(.ARM.exidx.text.timer_channel_output_mode_config), (8 bytes).
    Removing gd32f30x_timer.o(.text.timer_channel_output_pulse_value_config), (12 bytes).
    Removing gd32f30x_timer.o(.ARM.exidx.text.timer_channel_output_pulse_value_config), (8 bytes).
    Removing gd32f30x_timer.o(.text.timer_channel_output_shadow_config), (58 bytes).
    Removing gd32f30x_timer.o(.ARM.exidx.text.timer_channel_output_shadow_config), (8 bytes).
    Removing gd32f30x_timer.o(.text.timer_channel_output_fast_config), (58 bytes).
    Removing gd32f30x_timer.o(.ARM.exidx.text.timer_channel_output_fast_config), (8 bytes).
    Removing gd32f30x_timer.o(.text.timer_channel_output_clear_config), (58 bytes).
    Removing gd32f30x_timer.o(.ARM.exidx.text.timer_channel_output_clear_config), (8 bytes).
    Removing gd32f30x_timer.o(.text.timer_channel_output_polarity_config), (74 bytes).
    Removing gd32f30x_timer.o(.ARM.exidx.text.timer_channel_output_polarity_config), (8 bytes).
    Removing gd32f30x_timer.o(.text.timer_channel_complementary_output_polarity_config), (60 bytes).
    Removing gd32f30x_timer.o(.ARM.exidx.text.timer_channel_complementary_output_polarity_config), (8 bytes).
    Removing gd32f30x_timer.o(.text.timer_channel_output_state_config), (74 bytes).
    Removing gd32f30x_timer.o(.ARM.exidx.text.timer_channel_output_state_config), (8 bytes).
    Removing gd32f30x_timer.o(.text.timer_channel_complementary_output_state_config), (60 bytes).
    Removing gd32f30x_timer.o(.ARM.exidx.text.timer_channel_complementary_output_state_config), (8 bytes).
    Removing gd32f30x_timer.o(.text.timer_channel_input_struct_para_init), (12 bytes).
    Removing gd32f30x_timer.o(.ARM.exidx.text.timer_channel_input_struct_para_init), (8 bytes).
    Removing gd32f30x_timer.o(.text.timer_input_capture_config), (298 bytes).
    Removing gd32f30x_timer.o(.ARM.exidx.text.timer_input_capture_config), (8 bytes).
    Removing gd32f30x_timer.o(.text.timer_channel_input_capture_prescaler_config), (58 bytes).
    Removing gd32f30x_timer.o(.ARM.exidx.text.timer_channel_input_capture_prescaler_config), (8 bytes).
    Removing gd32f30x_timer.o(.text.timer_channel_capture_value_register_read), (14 bytes).
    Removing gd32f30x_timer.o(.ARM.exidx.text.timer_channel_capture_value_register_read), (8 bytes).
    Removing gd32f30x_timer.o(.text.timer_input_pwm_capture_config), (332 bytes).
    Removing gd32f30x_timer.o(.ARM.exidx.text.timer_input_pwm_capture_config), (8 bytes).
    Removing gd32f30x_timer.o(.text.timer_hall_mode_config), (30 bytes).
    Removing gd32f30x_timer.o(.ARM.exidx.text.timer_hall_mode_config), (8 bytes).
    Removing gd32f30x_timer.o(.text.timer_input_trigger_source_select), (16 bytes).
    Removing gd32f30x_timer.o(.ARM.exidx.text.timer_input_trigger_source_select), (8 bytes).
    Removing gd32f30x_timer.o(.text.timer_master_output_trigger_source_select), (16 bytes).
    Removing gd32f30x_timer.o(.ARM.exidx.text.timer_master_output_trigger_source_select), (8 bytes).
    Removing gd32f30x_timer.o(.text.timer_slave_mode_select), (16 bytes).
    Removing gd32f30x_timer.o(.ARM.exidx.text.timer_slave_mode_select), (8 bytes).
    Removing gd32f30x_timer.o(.text.timer_master_slave_mode_config), (30 bytes).
    Removing gd32f30x_timer.o(.ARM.exidx.text.timer_master_slave_mode_config), (8 bytes).
    Removing gd32f30x_timer.o(.text.timer_external_trigger_config), (34 bytes).
    Removing gd32f30x_timer.o(.ARM.exidx.text.timer_external_trigger_config), (8 bytes).
    Removing gd32f30x_timer.o(.text.timer_quadrature_decoder_mode_config), (78 bytes).
    Removing gd32f30x_timer.o(.ARM.exidx.text.timer_quadrature_decoder_mode_config), (8 bytes).
    Removing gd32f30x_timer.o(.text.timer_internal_clock_config), (10 bytes).
    Removing gd32f30x_timer.o(.ARM.exidx.text.timer_internal_clock_config), (8 bytes).
    Removing gd32f30x_timer.o(.text.timer_internal_trigger_as_external_clock_config), (26 bytes).
    Removing gd32f30x_timer.o(.ARM.exidx.text.timer_internal_trigger_as_external_clock_config), (8 bytes).
    Removing gd32f30x_timer.o(.text.timer_external_trigger_as_external_clock_config), (144 bytes).
    Removing gd32f30x_timer.o(.ARM.exidx.text.timer_external_trigger_as_external_clock_config), (8 bytes).
    Removing gd32f30x_timer.o(.text.timer_external_clock_mode0_config), (26 bytes).
    Removing gd32f30x_timer.o(.ARM.exidx.text.timer_external_clock_mode0_config), (8 bytes).
    Removing gd32f30x_timer.o(.text.timer_external_clock_mode1_config), (18 bytes).
    Removing gd32f30x_timer.o(.ARM.exidx.text.timer_external_clock_mode1_config), (8 bytes).
    Removing gd32f30x_timer.o(.text.timer_external_clock_mode1_disable), (10 bytes).
    Removing gd32f30x_timer.o(.ARM.exidx.text.timer_external_clock_mode1_disable), (8 bytes).
    Removing gd32f30x_timer.o(.text.timer_write_chxval_register_config), (36 bytes).
    Removing gd32f30x_timer.o(.ARM.exidx.text.timer_write_chxval_register_config), (8 bytes).
    Removing gd32f30x_timer.o(.text.timer_output_value_selection_config), (36 bytes).
    Removing gd32f30x_timer.o(.ARM.exidx.text.timer_output_value_selection_config), (8 bytes).
    Removing gd32f30x_usart.o(.text), (0 bytes).
    Removing gd32f30x_usart.o(.text.usart_deinit), (118 bytes).
    Removing gd32f30x_usart.o(.ARM.exidx.text.usart_deinit), (8 bytes).
    Removing gd32f30x_usart.o(.text.usart_baudrate_set), (106 bytes).
    Removing gd32f30x_usart.o(.ARM.exidx.text.usart_baudrate_set), (8 bytes).
    Removing gd32f30x_usart.o(.text.usart_parity_config), (16 bytes).
    Removing gd32f30x_usart.o(.ARM.exidx.text.usart_parity_config), (8 bytes).
    Removing gd32f30x_usart.o(.text.usart_word_length_set), (16 bytes).
    Removing gd32f30x_usart.o(.ARM.exidx.text.usart_word_length_set), (8 bytes).
    Removing gd32f30x_usart.o(.text.usart_stop_bit_set), (16 bytes).
    Removing gd32f30x_usart.o(.ARM.exidx.text.usart_stop_bit_set), (8 bytes).
    Removing gd32f30x_usart.o(.text.usart_enable), (10 bytes).
    Removing gd32f30x_usart.o(.ARM.exidx.text.usart_enable), (8 bytes).
    Removing gd32f30x_usart.o(.text.usart_disable), (10 bytes).
    Removing gd32f30x_usart.o(.ARM.exidx.text.usart_disable), (8 bytes).
    Removing gd32f30x_usart.o(.text.usart_transmit_config), (12 bytes).
    Removing gd32f30x_usart.o(.ARM.exidx.text.usart_transmit_config), (8 bytes).
    Removing gd32f30x_usart.o(.text.usart_receive_config), (12 bytes).
    Removing gd32f30x_usart.o(.ARM.exidx.text.usart_receive_config), (8 bytes).
    Removing gd32f30x_usart.o(.text.usart_data_first_config), (24 bytes).
    Removing gd32f30x_usart.o(.ARM.exidx.text.usart_data_first_config), (8 bytes).
    Removing gd32f30x_usart.o(.text.usart_invert_config), (100 bytes).
    Removing gd32f30x_usart.o(.ARM.exidx.text.usart_invert_config), (8 bytes).
    Removing gd32f30x_usart.o(.text.usart_receiver_timeout_enable), (14 bytes).
    Removing gd32f30x_usart.o(.ARM.exidx.text.usart_receiver_timeout_enable), (8 bytes).
    Removing gd32f30x_usart.o(.text.usart_receiver_timeout_disable), (14 bytes).
    Removing gd32f30x_usart.o(.ARM.exidx.text.usart_receiver_timeout_disable), (8 bytes).
    Removing gd32f30x_usart.o(.text.usart_receiver_timeout_threshold_config), (24 bytes).
    Removing gd32f30x_usart.o(.ARM.exidx.text.usart_receiver_timeout_threshold_config), (8 bytes).
    Removing gd32f30x_usart.o(.text.usart_data_transmit), (8 bytes).
    Removing gd32f30x_usart.o(.ARM.exidx.text.usart_data_transmit), (8 bytes).
    Removing gd32f30x_usart.o(.text.usart_data_receive), (8 bytes).
    Removing gd32f30x_usart.o(.ARM.exidx.text.usart_data_receive), (8 bytes).
    Removing gd32f30x_usart.o(.text.usart_address_config), (20 bytes).
    Removing gd32f30x_usart.o(.ARM.exidx.text.usart_address_config), (8 bytes).
    Removing gd32f30x_usart.o(.text.usart_mute_mode_enable), (10 bytes).
    Removing gd32f30x_usart.o(.ARM.exidx.text.usart_mute_mode_enable), (8 bytes).
    Removing gd32f30x_usart.o(.text.usart_mute_mode_disable), (10 bytes).
    Removing gd32f30x_usart.o(.ARM.exidx.text.usart_mute_mode_disable), (8 bytes).
    Removing gd32f30x_usart.o(.text.usart_mute_mode_wakeup_config), (16 bytes).
    Removing gd32f30x_usart.o(.ARM.exidx.text.usart_mute_mode_wakeup_config), (8 bytes).
    Removing gd32f30x_usart.o(.text.usart_lin_mode_enable), (10 bytes).
    Removing gd32f30x_usart.o(.ARM.exidx.text.usart_lin_mode_enable), (8 bytes).
    Removing gd32f30x_usart.o(.text.usart_lin_mode_disable), (10 bytes).
    Removing gd32f30x_usart.o(.ARM.exidx.text.usart_lin_mode_disable), (8 bytes).
    Removing gd32f30x_usart.o(.text.usart_lin_break_detection_length_config), (20 bytes).
    Removing gd32f30x_usart.o(.ARM.exidx.text.usart_lin_break_detection_length_config), (8 bytes).
    Removing gd32f30x_usart.o(.text.usart_send_break), (10 bytes).
    Removing gd32f30x_usart.o(.ARM.exidx.text.usart_send_break), (8 bytes).
    Removing gd32f30x_usart.o(.text.usart_halfduplex_enable), (10 bytes).
    Removing gd32f30x_usart.o(.ARM.exidx.text.usart_halfduplex_enable), (8 bytes).
    Removing gd32f30x_usart.o(.text.usart_halfduplex_disable), (10 bytes).
    Removing gd32f30x_usart.o(.ARM.exidx.text.usart_halfduplex_disable), (8 bytes).
    Removing gd32f30x_usart.o(.text.usart_synchronous_clock_enable), (10 bytes).
    Removing gd32f30x_usart.o(.ARM.exidx.text.usart_synchronous_clock_enable), (8 bytes).
    Removing gd32f30x_usart.o(.text.usart_synchronous_clock_disable), (10 bytes).
    Removing gd32f30x_usart.o(.ARM.exidx.text.usart_synchronous_clock_disable), (8 bytes).
    Removing gd32f30x_usart.o(.text.usart_synchronous_clock_config), (30 bytes).
    Removing gd32f30x_usart.o(.ARM.exidx.text.usart_synchronous_clock_config), (8 bytes).
    Removing gd32f30x_usart.o(.text.usart_guard_time_config), (20 bytes).
    Removing gd32f30x_usart.o(.ARM.exidx.text.usart_guard_time_config), (8 bytes).
    Removing gd32f30x_usart.o(.text.usart_smartcard_mode_enable), (10 bytes).
    Removing gd32f30x_usart.o(.ARM.exidx.text.usart_smartcard_mode_enable), (8 bytes).
    Removing gd32f30x_usart.o(.text.usart_smartcard_mode_disable), (10 bytes).
    Removing gd32f30x_usart.o(.ARM.exidx.text.usart_smartcard_mode_disable), (8 bytes).
    Removing gd32f30x_usart.o(.text.usart_smartcard_mode_nack_enable), (10 bytes).
    Removing gd32f30x_usart.o(.ARM.exidx.text.usart_smartcard_mode_nack_enable), (8 bytes).
    Removing gd32f30x_usart.o(.text.usart_smartcard_mode_nack_disable), (10 bytes).
    Removing gd32f30x_usart.o(.ARM.exidx.text.usart_smartcard_mode_nack_disable), (8 bytes).
    Removing gd32f30x_usart.o(.text.usart_smartcard_autoretry_config), (30 bytes).
    Removing gd32f30x_usart.o(.ARM.exidx.text.usart_smartcard_autoretry_config), (8 bytes).
    Removing gd32f30x_usart.o(.text.usart_block_length_config), (26 bytes).
    Removing gd32f30x_usart.o(.ARM.exidx.text.usart_block_length_config), (8 bytes).
    Removing gd32f30x_usart.o(.text.usart_irda_mode_enable), (10 bytes).
    Removing gd32f30x_usart.o(.ARM.exidx.text.usart_irda_mode_enable), (8 bytes).
    Removing gd32f30x_usart.o(.text.usart_irda_mode_disable), (10 bytes).
    Removing gd32f30x_usart.o(.ARM.exidx.text.usart_irda_mode_disable), (8 bytes).
    Removing gd32f30x_usart.o(.text.usart_prescaler_config), (16 bytes).
    Removing gd32f30x_usart.o(.ARM.exidx.text.usart_prescaler_config), (8 bytes).
    Removing gd32f30x_usart.o(.text.usart_irda_lowpower_config), (20 bytes).
    Removing gd32f30x_usart.o(.ARM.exidx.text.usart_irda_lowpower_config), (8 bytes).
    Removing gd32f30x_usart.o(.text.usart_hardware_flow_rts_config), (12 bytes).
    Removing gd32f30x_usart.o(.ARM.exidx.text.usart_hardware_flow_rts_config), (8 bytes).
    Removing gd32f30x_usart.o(.text.usart_hardware_flow_cts_config), (12 bytes).
    Removing gd32f30x_usart.o(.ARM.exidx.text.usart_hardware_flow_cts_config), (8 bytes).
    Removing gd32f30x_usart.o(.text.usart_dma_receive_config), (12 bytes).
    Removing gd32f30x_usart.o(.ARM.exidx.text.usart_dma_receive_config), (8 bytes).
    Removing gd32f30x_usart.o(.text.usart_dma_transmit_config), (12 bytes).
    Removing gd32f30x_usart.o(.ARM.exidx.text.usart_dma_transmit_config), (8 bytes).
    Removing gd32f30x_usart.o(.text.usart_flag_get), (18 bytes).
    Removing gd32f30x_usart.o(.ARM.exidx.text.usart_flag_get), (8 bytes).
    Removing gd32f30x_usart.o(.text.usart_flag_clear), (26 bytes).
    Removing gd32f30x_usart.o(.ARM.exidx.text.usart_flag_clear), (8 bytes).
    Removing gd32f30x_usart.o(.text.usart_interrupt_enable), (24 bytes).
    Removing gd32f30x_usart.o(.ARM.exidx.text.usart_interrupt_enable), (8 bytes).
    Removing gd32f30x_usart.o(.text.usart_interrupt_disable), (26 bytes).
    Removing gd32f30x_usart.o(.ARM.exidx.text.usart_interrupt_disable), (8 bytes).
    Removing gd32f30x_usart.o(.text.usart_interrupt_flag_get), (34 bytes).
    Removing gd32f30x_usart.o(.ARM.exidx.text.usart_interrupt_flag_get), (8 bytes).
    Removing gd32f30x_usart.o(.text.usart_interrupt_flag_clear), (24 bytes).
    Removing gd32f30x_usart.o(.ARM.exidx.text.usart_interrupt_flag_clear), (8 bytes).
    Removing gd32f30x_wwdgt.o(.text), (0 bytes).
    Removing gd32f30x_wwdgt.o(.text.wwdgt_deinit), (20 bytes).
    Removing gd32f30x_wwdgt.o(.ARM.exidx.text.wwdgt_deinit), (8 bytes).
    Removing gd32f30x_wwdgt.o(.text.wwdgt_enable), (18 bytes).
    Removing gd32f30x_wwdgt.o(.ARM.exidx.text.wwdgt_enable), (8 bytes).
    Removing gd32f30x_wwdgt.o(.text.wwdgt_counter_update), (18 bytes).
    Removing gd32f30x_wwdgt.o(.ARM.exidx.text.wwdgt_counter_update), (8 bytes).
    Removing gd32f30x_wwdgt.o(.text.wwdgt_config), (50 bytes).
    Removing gd32f30x_wwdgt.o(.ARM.exidx.text.wwdgt_config), (8 bytes).
    Removing gd32f30x_wwdgt.o(.text.wwdgt_interrupt_enable), (18 bytes).
    Removing gd32f30x_wwdgt.o(.ARM.exidx.text.wwdgt_interrupt_enable), (8 bytes).
    Removing gd32f30x_wwdgt.o(.text.wwdgt_flag_get), (16 bytes).
    Removing gd32f30x_wwdgt.o(.ARM.exidx.text.wwdgt_flag_get), (8 bytes).
    Removing gd32f30x_wwdgt.o(.text.wwdgt_flag_clear), (18 bytes).
    Removing gd32f30x_wwdgt.o(.ARM.exidx.text.wwdgt_flag_clear), (8 bytes).
    Removing system_gd32f30x.o(.text), (0 bytes).
    Removing system_gd32f30x.o(.ARM.exidx.text.SystemInit), (8 bytes).
    Removing system_gd32f30x.o(.ARM.exidx.text.system_clock_config), (8 bytes).
    Removing system_gd32f30x.o(.text.SystemCoreClockUpdate), (128 bytes).
    Removing system_gd32f30x.o(.ARM.exidx.text.SystemCoreClockUpdate), (8 bytes).
    Removing system_gd32f30x.o(.ARM.exidx.text.system_clock_120m_hxtal), (8 bytes).
    Removing system_gd32f30x.o(.data.SystemCoreClock), (4 bytes).
    Removing main.o(.text), (0 bytes).
    Removing main.o(.ARM.exidx.text.LED_Init), (8 bytes).
    Removing main.o(.ARM.exidx.text.LED_On), (8 bytes).
    Removing main.o(.ARM.exidx.text.LED_Off), (8 bytes).
    Removing main.o(.ARM.exidx.text.Delay), (8 bytes).
    Removing main.o(.ARM.exidx.text.main), (8 bytes).
    Removing main.o(.ARM.use_no_argv), (4 bytes).

1216 unused section(s) (total 24712 bytes) removed from the image.

==============================================================================

Image Symbol Table

    Local Symbols

    Symbol Name                              Value     Ov Type        Size  Object(Section)

    ../clib/angel/boardlib.s                 0x00000000   Number         0  boardinit1.o ABSOLUTE
    ../clib/angel/boardlib.s                 0x00000000   Number         0  boardinit2.o ABSOLUTE
    ../clib/angel/boardlib.s                 0x00000000   Number         0  boardinit3.o ABSOLUTE
    ../clib/angel/boardlib.s                 0x00000000   Number         0  boardshut.o ABSOLUTE
    ../clib/angel/handlers.s                 0x00000000   Number         0  __scatter_zi.o ABSOLUTE
    ../clib/angel/kernel.s                   0x00000000   Number         0  __rtentry.o ABSOLUTE
    ../clib/angel/kernel.s                   0x00000000   Number         0  __rtentry2.o ABSOLUTE
    ../clib/angel/kernel.s                   0x00000000   Number         0  __rtentry4.o ABSOLUTE
    ../clib/angel/kernel.s                   0x00000000   Number         0  rtexit.o ABSOLUTE
    ../clib/angel/kernel.s                   0x00000000   Number         0  rtexit2.o ABSOLUTE
    ../clib/angel/rt.s                       0x00000000   Number         0  rt_raise.o ABSOLUTE
    ../clib/angel/scatter.s                  0x00000000   Number         0  __scatter.o ABSOLUTE
    ../clib/angel/startup.s                  0x00000000   Number         0  __main.o ABSOLUTE
    ../clib/angel/sys.s                      0x00000000   Number         0  sys_stackheap_outer.o ABSOLUTE
    ../clib/angel/sys.s                      0x00000000   Number         0  libspace.o ABSOLUTE
    ../clib/angel/sys.s                      0x00000000   Number         0  use_no_semi.o ABSOLUTE
    ../clib/angel/sys.s                      0x00000000   Number         0  indicate_semi.o ABSOLUTE
    ../clib/angel/sysapp.c                   0x00000000   Number         0  sys_exit.o ABSOLUTE
    ../clib/angel/sysapp.c                   0x00000000   Number         0  sys_exit_hlt.o ABSOLUTE
    ../clib/angel/sysapp.c                   0x00000000   Number         0  sys_command.o ABSOLUTE
    ../clib/angel/sysapp.c                   0x00000000   Number         0  sys_command_hlt.o ABSOLUTE
    ../clib/angel/sysapp.c                   0x00000000   Number         0  sys_wrch.o ABSOLUTE
    ../clib/angel/sysapp.c                   0x00000000   Number         0  sys_wrch_hlt.o ABSOLUTE
    ../clib/armsys.c                         0x00000000   Number         0  argv_veneer.o ABSOLUTE
    ../clib/armsys.c                         0x00000000   Number         0  argv_veneer.o ABSOLUTE
    ../clib/armsys.c                         0x00000000   Number         0  _get_argv_nomalloc.o ABSOLUTE
    ../clib/armsys.c                         0x00000000   Number         0  no_argv.o ABSOLUTE
    ../clib/heapalloc.c                      0x00000000   Number         0  hrguard.o ABSOLUTE
    ../clib/heapaux.c                        0x00000000   Number         0  heapauxi.o ABSOLUTE
    ../clib/libinit.s                        0x00000000   Number         0  libinit.o ABSOLUTE
    ../clib/libinit.s                        0x00000000   Number         0  libinit2.o ABSOLUTE
    ../clib/libinit.s                        0x00000000   Number         0  libshutdown.o ABSOLUTE
    ../clib/libinit.s                        0x00000000   Number         0  libshutdown2.o ABSOLUTE
    ../clib/signal.c                         0x00000000   Number         0  defsig_rtmem_outer.o ABSOLUTE
    ../clib/signal.c                         0x00000000   Number         0  defsig_rtmem_formal.o ABSOLUTE
    ../clib/signal.c                         0x00000000   Number         0  defsig_exit.o ABSOLUTE
    ../clib/signal.c                         0x00000000   Number         0  defsig_rtmem_inner.o ABSOLUTE
    ../clib/signal.c                         0x00000000   Number         0  __raise.o ABSOLUTE
    ../clib/signal.c                         0x00000000   Number         0  defsig_general.o ABSOLUTE
    ../clib/signal.c                         0x00000000   Number         0  defsig_abrt_inner.o ABSOLUTE
    ../clib/signal.c                         0x00000000   Number         0  defsig_fpe_inner.o ABSOLUTE
    ../clib/signal.c                         0x00000000   Number         0  defsig_rtred_inner.o ABSOLUTE
    ../clib/signal.c                         0x00000000   Number         0  defsig_stak_inner.o ABSOLUTE
    ../clib/signal.c                         0x00000000   Number         0  defsig_pvfn_inner.o ABSOLUTE
    ../clib/signal.c                         0x00000000   Number         0  defsig_cppl_inner.o ABSOLUTE
    ../clib/signal.c                         0x00000000   Number         0  defsig_segv_inner.o ABSOLUTE
    ../clib/signal.c                         0x00000000   Number         0  defsig_other.o ABSOLUTE
    ../clib/signal.s                         0x00000000   Number         0  defsig.o ABSOLUTE
    ../clib/stdlib.c                         0x00000000   Number         0  exit.o ABSOLUTE
    ../fplib/fpinit.s                        0x00000000   Number         0  fpinit.o ABSOLUTE
    ../fplib/fpinit_empty.s                  0x00000000   Number         0  fpinit_empty.o ABSOLUTE
    C:\Users\skjsn\CLionProjects\EmbeddedProject_Demo\System\startup_gd32f30x_hd.s 0x00000000   Number         0  startup_gd32f30x_hd.o ABSOLUTE
    dc.s                                     0x00000000   Number         0  dc.o ABSOLUTE
    gd32f30x_adc.c                           0x00000000   Number         0  gd32f30x_adc.o ABSOLUTE
    gd32f30x_bkp.c                           0x00000000   Number         0  gd32f30x_bkp.o ABSOLUTE
    gd32f30x_can.c                           0x00000000   Number         0  gd32f30x_can.o ABSOLUTE
    gd32f30x_crc.c                           0x00000000   Number         0  gd32f30x_crc.o ABSOLUTE
    gd32f30x_ctc.c                           0x00000000   Number         0  gd32f30x_ctc.o ABSOLUTE
    gd32f30x_dac.c                           0x00000000   Number         0  gd32f30x_dac.o ABSOLUTE
    gd32f30x_dbg.c                           0x00000000   Number         0  gd32f30x_dbg.o ABSOLUTE
    gd32f30x_dma.c                           0x00000000   Number         0  gd32f30x_dma.o ABSOLUTE
    gd32f30x_enet.c                          0x00000000   Number         0  gd32f30x_enet.o ABSOLUTE
    gd32f30x_exmc.c                          0x00000000   Number         0  gd32f30x_exmc.o ABSOLUTE
    gd32f30x_exti.c                          0x00000000   Number         0  gd32f30x_exti.o ABSOLUTE
    gd32f30x_fmc.c                           0x00000000   Number         0  gd32f30x_fmc.o ABSOLUTE
    gd32f30x_fwdgt.c                         0x00000000   Number         0  gd32f30x_fwdgt.o ABSOLUTE
    gd32f30x_gpio.c                          0x00000000   Number         0  gd32f30x_gpio.o ABSOLUTE
    gd32f30x_i2c.c                           0x00000000   Number         0  gd32f30x_i2c.o ABSOLUTE
    gd32f30x_misc.c                          0x00000000   Number         0  gd32f30x_misc.o ABSOLUTE
    gd32f30x_pmu.c                           0x00000000   Number         0  gd32f30x_pmu.o ABSOLUTE
    gd32f30x_rcu.c                           0x00000000   Number         0  gd32f30x_rcu.o ABSOLUTE
    gd32f30x_rtc.c                           0x00000000   Number         0  gd32f30x_rtc.o ABSOLUTE
    gd32f30x_sdio.c                          0x00000000   Number         0  gd32f30x_sdio.o ABSOLUTE
    gd32f30x_spi.c                           0x00000000   Number         0  gd32f30x_spi.o ABSOLUTE
    gd32f30x_timer.c                         0x00000000   Number         0  gd32f30x_timer.o ABSOLUTE
    gd32f30x_usart.c                         0x00000000   Number         0  gd32f30x_usart.o ABSOLUTE
    gd32f30x_wwdgt.c                         0x00000000   Number         0  gd32f30x_wwdgt.o ABSOLUTE
    main.c                                   0x00000000   Number         0  main.o ABSOLUTE
    system_gd32f30x.c                        0x00000000   Number         0  system_gd32f30x.o ABSOLUTE
    RESET                                    0x08000000   Section      304  startup_gd32f30x_hd.o(RESET)
    !!!main                                  0x08000130   Section        8  __main.o(!!!main)
    !!!scatter                               0x08000138   Section       52  __scatter.o(!!!scatter)
    !!handler_zi                             0x0800016c   Section       28  __scatter_zi.o(!!handler_zi)
    .ARM.Collect$$libinit$$00000000          0x08000188   Section        2  libinit.o(.ARM.Collect$$libinit$$00000000)
    .ARM.Collect$$libinit$$00000002          0x0800018a   Section        0  libinit2.o(.ARM.Collect$$libinit$$00000002)
    .ARM.Collect$$libinit$$00000004          0x0800018a   Section        0  libinit2.o(.ARM.Collect$$libinit$$00000004)
    .ARM.Collect$$libinit$$0000000A          0x0800018a   Section        0  libinit2.o(.ARM.Collect$$libinit$$0000000A)
    .ARM.Collect$$libinit$$0000000C          0x0800018a   Section        0  libinit2.o(.ARM.Collect$$libinit$$0000000C)
    .ARM.Collect$$libinit$$0000000E          0x0800018a   Section        0  libinit2.o(.ARM.Collect$$libinit$$0000000E)
    .ARM.Collect$$libinit$$00000011          0x0800018a   Section        0  libinit2.o(.ARM.Collect$$libinit$$00000011)
    .ARM.Collect$$libinit$$00000013          0x0800018a   Section        0  libinit2.o(.ARM.Collect$$libinit$$00000013)
    .ARM.Collect$$libinit$$00000015          0x0800018a   Section        0  libinit2.o(.ARM.Collect$$libinit$$00000015)
    .ARM.Collect$$libinit$$00000017          0x0800018a   Section        0  libinit2.o(.ARM.Collect$$libinit$$00000017)
    .ARM.Collect$$libinit$$00000019          0x0800018a   Section        0  libinit2.o(.ARM.Collect$$libinit$$00000019)
    .ARM.Collect$$libinit$$0000001B          0x0800018a   Section        0  libinit2.o(.ARM.Collect$$libinit$$0000001B)
    .ARM.Collect$$libinit$$0000001D          0x0800018a   Section        0  libinit2.o(.ARM.Collect$$libinit$$0000001D)
    .ARM.Collect$$libinit$$0000001F          0x0800018a   Section        0  libinit2.o(.ARM.Collect$$libinit$$0000001F)
    .ARM.Collect$$libinit$$00000021          0x0800018a   Section        0  libinit2.o(.ARM.Collect$$libinit$$00000021)
    .ARM.Collect$$libinit$$00000023          0x0800018a   Section        0  libinit2.o(.ARM.Collect$$libinit$$00000023)
    .ARM.Collect$$libinit$$00000025          0x0800018a   Section        0  libinit2.o(.ARM.Collect$$libinit$$00000025)
    .ARM.Collect$$libinit$$0000002C          0x0800018a   Section        0  libinit2.o(.ARM.Collect$$libinit$$0000002C)
    .ARM.Collect$$libinit$$0000002E          0x0800018a   Section        0  libinit2.o(.ARM.Collect$$libinit$$0000002E)
    .ARM.Collect$$libinit$$00000030          0x0800018a   Section        0  libinit2.o(.ARM.Collect$$libinit$$00000030)
    .ARM.Collect$$libinit$$00000032          0x0800018a   Section        0  libinit2.o(.ARM.Collect$$libinit$$00000032)
    .ARM.Collect$$libinit$$00000033          0x0800018a   Section        2  libinit2.o(.ARM.Collect$$libinit$$00000033)
    .ARM.Collect$$libshutdown$$00000000      0x0800018c   Section        2  libshutdown.o(.ARM.Collect$$libshutdown$$00000000)
    .ARM.Collect$$libshutdown$$00000002      0x0800018e   Section        0  libshutdown2.o(.ARM.Collect$$libshutdown$$00000002)
    .ARM.Collect$$libshutdown$$00000004      0x0800018e   Section        0  libshutdown2.o(.ARM.Collect$$libshutdown$$00000004)
    .ARM.Collect$$libshutdown$$00000007      0x0800018e   Section        0  libshutdown2.o(.ARM.Collect$$libshutdown$$00000007)
    .ARM.Collect$$libshutdown$$0000000A      0x0800018e   Section        0  libshutdown2.o(.ARM.Collect$$libshutdown$$0000000A)
    .ARM.Collect$$libshutdown$$0000000C      0x0800018e   Section        0  libshutdown2.o(.ARM.Collect$$libshutdown$$0000000C)
    .ARM.Collect$$libshutdown$$0000000F      0x0800018e   Section        0  libshutdown2.o(.ARM.Collect$$libshutdown$$0000000F)
    .ARM.Collect$$libshutdown$$00000010      0x0800018e   Section        2  libshutdown2.o(.ARM.Collect$$libshutdown$$00000010)
    .ARM.Collect$$rtentry$$00000000          0x08000190   Section        0  __rtentry.o(.ARM.Collect$$rtentry$$00000000)
    .ARM.Collect$$rtentry$$00000002          0x08000190   Section        0  __rtentry2.o(.ARM.Collect$$rtentry$$00000002)
    .ARM.Collect$$rtentry$$00000004          0x08000190   Section        6  __rtentry4.o(.ARM.Collect$$rtentry$$00000004)
    .ARM.Collect$$rtentry$$00000009          0x08000196   Section        0  __rtentry2.o(.ARM.Collect$$rtentry$$00000009)
    .ARM.Collect$$rtentry$$0000000A          0x08000196   Section        4  __rtentry2.o(.ARM.Collect$$rtentry$$0000000A)
    .ARM.Collect$$rtentry$$0000000C          0x0800019a   Section        0  __rtentry2.o(.ARM.Collect$$rtentry$$0000000C)
    .ARM.Collect$$rtentry$$0000000D          0x0800019a   Section        8  __rtentry2.o(.ARM.Collect$$rtentry$$0000000D)
    .ARM.Collect$$rtexit$$00000000           0x080001a2   Section        2  rtexit.o(.ARM.Collect$$rtexit$$00000000)
    .ARM.Collect$$rtexit$$00000002           0x080001a4   Section        0  rtexit2.o(.ARM.Collect$$rtexit$$00000002)
    .ARM.Collect$$rtexit$$00000003           0x080001a4   Section        4  rtexit2.o(.ARM.Collect$$rtexit$$00000003)
    .ARM.Collect$$rtexit$$00000004           0x080001a8   Section        6  rtexit2.o(.ARM.Collect$$rtexit$$00000004)
    .text                                    0x080001b0   Section       64  startup_gd32f30x_hd.o(.text)
    .text                                    0x080001f0   Section        0  heapauxi.o(.text)
    .text                                    0x080001f6   Section       74  sys_stackheap_outer.o(.text)
    .text                                    0x08000240   Section        0  exit.o(.text)
    .text                                    0x08000254   Section        8  libspace.o(.text)
    .text                                    0x0800025c   Section        0  sys_exit.o(.text)
    .text                                    0x08000268   Section        2  use_no_semi.o(.text)
    .text                                    0x0800026a   Section        0  indicate_semi.o(.text)
    [Anonymous Symbol]                       0x0800026c   Section        0  main.o(.text.Delay)
    [Anonymous Symbol]                       0x08000284   Section        0  main.o(.text.LED_Init)
    [Anonymous Symbol]                       0x080002a4   Section        0  main.o(.text.LED_Off)
    [Anonymous Symbol]                       0x080002b8   Section        0  main.o(.text.LED_On)
    [Anonymous Symbol]                       0x080002cc   Section        0  system_gd32f30x.o(.text.SystemInit)
    [Anonymous Symbol]                       0x08000308   Section        0  gd32f30x_gpio.o(.text.gpio_bit_reset)
    [Anonymous Symbol]                       0x0800030c   Section        0  gd32f30x_gpio.o(.text.gpio_bit_set)
    [Anonymous Symbol]                       0x08000310   Section        0  gd32f30x_gpio.o(.text.gpio_init)
    [Anonymous Symbol]                       0x080003c4   Section        0  main.o(.text.main)
    [Anonymous Symbol]                       0x080003e0   Section        0  gd32f30x_rcu.o(.text.rcu_periph_clock_enable)
    system_clock_120m_hxtal                  0x08000401   Thumb Code   212  system_gd32f30x.o(.text.system_clock_120m_hxtal)
    [Anonymous Symbol]                       0x08000400   Section        0  system_gd32f30x.o(.text.system_clock_120m_hxtal)
    system_clock_config                      0x080004d5   Thumb Code     8  system_gd32f30x.o(.text.system_clock_config)
    [Anonymous Symbol]                       0x080004d4   Section        0  system_gd32f30x.o(.text.system_clock_config)
    .bss                                     0x20000000   Section       96  libspace.o(.bss)
    Heap_Mem                                 0x20000060   Data        1024  startup_gd32f30x_hd.o(HEAP)
    HEAP                                     0x20000060   Section     1024  startup_gd32f30x_hd.o(HEAP)
    Stack_Mem                                0x20000460   Data        1024  startup_gd32f30x_hd.o(STACK)
    STACK                                    0x20000460   Section     1024  startup_gd32f30x_hd.o(STACK)
    __initial_sp                             0x20000860   Data           0  startup_gd32f30x_hd.o(STACK)

    Global Symbols

    Symbol Name                              Value     Ov Type        Size  Object(Section)

    BuildAttributes$$THM_ISAv4$E$P$D$K$B$S$7EM$PE$A:L22UL41UL21$X:L11$S22US41US21$IEEE1$IW$~IW$USESV6$~STKCKD$USESV7$WCHAR32$ENUMINT$~SHL$OTIME$ROPI$EBA8$UX$STANDARDLIB$REQ8$PRES8$EABIv2 0x00000000   Number         0  anon$$obj.o ABSOLUTE
    __fp_init_empty                          0x00000000   Number         0  fpinit_empty.o ABSOLUTE
    __ARM_exceptions_init                     - Undefined Weak Reference
    __alloca_initialize                       - Undefined Weak Reference
    __arm_preinit_                            - Undefined Weak Reference
    __cpp_initialize__aeabi_                  - Undefined Weak Reference
    __cxa_finalize                            - Undefined Weak Reference
    __rt_locale                               - Undefined Weak Reference
    __sigvec_lookup                           - Undefined Weak Reference
    _atexit_init                              - Undefined Weak Reference
    _call_atexit_fns                          - Undefined Weak Reference
    _clock_init                               - Undefined Weak Reference
    _fp_trap_init                             - Undefined Weak Reference
    _fp_trap_shutdown                         - Undefined Weak Reference
    _get_lc_collate                           - Undefined Weak Reference
    _get_lc_ctype                             - Undefined Weak Reference
    _get_lc_monetary                          - Undefined Weak Reference
    _get_lc_numeric                           - Undefined Weak Reference
    _get_lc_time                              - Undefined Weak Reference
    _getenv_init                              - Undefined Weak Reference
    _handle_redirection                       - Undefined Weak Reference
    _init_alloc                               - Undefined Weak Reference
    _init_user_alloc                          - Undefined Weak Reference
    _initio                                   - Undefined Weak Reference
    _rand_init                                - Undefined Weak Reference
    _signal_finish                            - Undefined Weak Reference
    _signal_init                              - Undefined Weak Reference
    _terminate_alloc                          - Undefined Weak Reference
    _terminate_user_alloc                     - Undefined Weak Reference
    _terminateio                              - Undefined Weak Reference
    __Vectors_Size                           0x00000130   Number         0  startup_gd32f30x_hd.o ABSOLUTE
    __Vectors                                0x08000000   Data           4  startup_gd32f30x_hd.o(RESET)
    __Vectors_End                            0x08000130   Data           0  startup_gd32f30x_hd.o(RESET)
    __main                                   0x08000131   Thumb Code     8  __main.o(!!!main)
    __scatterload                            0x08000139   Thumb Code     0  __scatter.o(!!!scatter)
    __scatterload_rt2                        0x08000139   Thumb Code    44  __scatter.o(!!!scatter)
    __scatterload_rt2_thumb_only             0x08000139   Thumb Code     0  __scatter.o(!!!scatter)
    __scatterload_null                       0x08000147   Thumb Code     0  __scatter.o(!!!scatter)
    __scatterload_zeroinit                   0x0800016d   Thumb Code    28  __scatter_zi.o(!!handler_zi)
    __rt_lib_init                            0x08000189   Thumb Code     0  libinit.o(.ARM.Collect$$libinit$$00000000)
    __rt_lib_init_alloca_1                   0x0800018b   Thumb Code     0  libinit2.o(.ARM.Collect$$libinit$$0000002E)
    __rt_lib_init_argv_1                     0x0800018b   Thumb Code     0  libinit2.o(.ARM.Collect$$libinit$$0000002C)
    __rt_lib_init_atexit_1                   0x0800018b   Thumb Code     0  libinit2.o(.ARM.Collect$$libinit$$0000001B)
    __rt_lib_init_clock_1                    0x0800018b   Thumb Code     0  libinit2.o(.ARM.Collect$$libinit$$00000021)
    __rt_lib_init_cpp_1                      0x0800018b   Thumb Code     0  libinit2.o(.ARM.Collect$$libinit$$00000032)
    __rt_lib_init_exceptions_1               0x0800018b   Thumb Code     0  libinit2.o(.ARM.Collect$$libinit$$00000030)
    __rt_lib_init_fp_1                       0x0800018b   Thumb Code     0  libinit2.o(.ARM.Collect$$libinit$$00000002)
    __rt_lib_init_fp_trap_1                  0x0800018b   Thumb Code     0  libinit2.o(.ARM.Collect$$libinit$$0000001F)
    __rt_lib_init_getenv_1                   0x0800018b   Thumb Code     0  libinit2.o(.ARM.Collect$$libinit$$00000023)
    __rt_lib_init_heap_1                     0x0800018b   Thumb Code     0  libinit2.o(.ARM.Collect$$libinit$$0000000A)
    __rt_lib_init_lc_collate_1               0x0800018b   Thumb Code     0  libinit2.o(.ARM.Collect$$libinit$$00000011)
    __rt_lib_init_lc_ctype_1                 0x0800018b   Thumb Code     0  libinit2.o(.ARM.Collect$$libinit$$00000013)
    __rt_lib_init_lc_monetary_1              0x0800018b   Thumb Code     0  libinit2.o(.ARM.Collect$$libinit$$00000015)
    __rt_lib_init_lc_numeric_1               0x0800018b   Thumb Code     0  libinit2.o(.ARM.Collect$$libinit$$00000017)
    __rt_lib_init_lc_time_1                  0x0800018b   Thumb Code     0  libinit2.o(.ARM.Collect$$libinit$$00000019)
    __rt_lib_init_preinit_1                  0x0800018b   Thumb Code     0  libinit2.o(.ARM.Collect$$libinit$$00000004)
    __rt_lib_init_rand_1                     0x0800018b   Thumb Code     0  libinit2.o(.ARM.Collect$$libinit$$0000000E)
    __rt_lib_init_return                     0x0800018b   Thumb Code     0  libinit2.o(.ARM.Collect$$libinit$$00000033)
    __rt_lib_init_signal_1                   0x0800018b   Thumb Code     0  libinit2.o(.ARM.Collect$$libinit$$0000001D)
    __rt_lib_init_stdio_1                    0x0800018b   Thumb Code     0  libinit2.o(.ARM.Collect$$libinit$$00000025)
    __rt_lib_init_user_alloc_1               0x0800018b   Thumb Code     0  libinit2.o(.ARM.Collect$$libinit$$0000000C)
    __rt_lib_shutdown                        0x0800018d   Thumb Code     0  libshutdown.o(.ARM.Collect$$libshutdown$$00000000)
    __rt_lib_shutdown_cpp_1                  0x0800018f   Thumb Code     0  libshutdown2.o(.ARM.Collect$$libshutdown$$00000002)
    __rt_lib_shutdown_fp_trap_1              0x0800018f   Thumb Code     0  libshutdown2.o(.ARM.Collect$$libshutdown$$00000007)
    __rt_lib_shutdown_heap_1                 0x0800018f   Thumb Code     0  libshutdown2.o(.ARM.Collect$$libshutdown$$0000000F)
    __rt_lib_shutdown_return                 0x0800018f   Thumb Code     0  libshutdown2.o(.ARM.Collect$$libshutdown$$00000010)
    __rt_lib_shutdown_signal_1               0x0800018f   Thumb Code     0  libshutdown2.o(.ARM.Collect$$libshutdown$$0000000A)
    __rt_lib_shutdown_stdio_1                0x0800018f   Thumb Code     0  libshutdown2.o(.ARM.Collect$$libshutdown$$00000004)
    __rt_lib_shutdown_user_alloc_1           0x0800018f   Thumb Code     0  libshutdown2.o(.ARM.Collect$$libshutdown$$0000000C)
    __rt_entry                               0x08000191   Thumb Code     0  __rtentry.o(.ARM.Collect$$rtentry$$00000000)
    __rt_entry_presh_1                       0x08000191   Thumb Code     0  __rtentry2.o(.ARM.Collect$$rtentry$$00000002)
    __rt_entry_sh                            0x08000191   Thumb Code     0  __rtentry4.o(.ARM.Collect$$rtentry$$00000004)
    __rt_entry_li                            0x08000197   Thumb Code     0  __rtentry2.o(.ARM.Collect$$rtentry$$0000000A)
    __rt_entry_postsh_1                      0x08000197   Thumb Code     0  __rtentry2.o(.ARM.Collect$$rtentry$$00000009)
    __rt_entry_main                          0x0800019b   Thumb Code     0  __rtentry2.o(.ARM.Collect$$rtentry$$0000000D)
    __rt_entry_postli_1                      0x0800019b   Thumb Code     0  __rtentry2.o(.ARM.Collect$$rtentry$$0000000C)
    __rt_exit                                0x080001a3   Thumb Code     0  rtexit.o(.ARM.Collect$$rtexit$$00000000)
    __rt_exit_ls                             0x080001a5   Thumb Code     0  rtexit2.o(.ARM.Collect$$rtexit$$00000003)
    __rt_exit_prels_1                        0x080001a5   Thumb Code     0  rtexit2.o(.ARM.Collect$$rtexit$$00000002)
    __rt_exit_exit                           0x080001a9   Thumb Code     0  rtexit2.o(.ARM.Collect$$rtexit$$00000004)
    Reset_Handler                            0x080001b1   Thumb Code     8  startup_gd32f30x_hd.o(.text)
    NMI_Handler                              0x080001b9   Thumb Code     2  startup_gd32f30x_hd.o(.text)
    HardFault_Handler                        0x080001bb   Thumb Code     2  startup_gd32f30x_hd.o(.text)
    MemManage_Handler                        0x080001bd   Thumb Code     2  startup_gd32f30x_hd.o(.text)
    BusFault_Handler                         0x080001bf   Thumb Code     2  startup_gd32f30x_hd.o(.text)
    UsageFault_Handler                       0x080001c1   Thumb Code     2  startup_gd32f30x_hd.o(.text)
    SVC_Handler                              0x080001c3   Thumb Code     2  startup_gd32f30x_hd.o(.text)
    DebugMon_Handler                         0x080001c5   Thumb Code     2  startup_gd32f30x_hd.o(.text)
    PendSV_Handler                           0x080001c7   Thumb Code     2  startup_gd32f30x_hd.o(.text)
    SysTick_Handler                          0x080001c9   Thumb Code     2  startup_gd32f30x_hd.o(.text)
    ADC0_1_IRQHandler                        0x080001cb   Thumb Code     0  startup_gd32f30x_hd.o(.text)
    ADC2_IRQHandler                          0x080001cb   Thumb Code     0  startup_gd32f30x_hd.o(.text)
    CAN0_EWMC_IRQHandler                     0x080001cb   Thumb Code     0  startup_gd32f30x_hd.o(.text)
    CAN0_RX1_IRQHandler                      0x080001cb   Thumb Code     0  startup_gd32f30x_hd.o(.text)
    DMA0_Channel0_IRQHandler                 0x080001cb   Thumb Code     0  startup_gd32f30x_hd.o(.text)
    DMA0_Channel1_IRQHandler                 0x080001cb   Thumb Code     0  startup_gd32f30x_hd.o(.text)
    DMA0_Channel2_IRQHandler                 0x080001cb   Thumb Code     0  startup_gd32f30x_hd.o(.text)
    DMA0_Channel3_IRQHandler                 0x080001cb   Thumb Code     0  startup_gd32f30x_hd.o(.text)
    DMA0_Channel4_IRQHandler                 0x080001cb   Thumb Code     0  startup_gd32f30x_hd.o(.text)
    DMA0_Channel5_IRQHandler                 0x080001cb   Thumb Code     0  startup_gd32f30x_hd.o(.text)
    DMA0_Channel6_IRQHandler                 0x080001cb   Thumb Code     0  startup_gd32f30x_hd.o(.text)
    DMA1_Channel0_IRQHandler                 0x080001cb   Thumb Code     0  startup_gd32f30x_hd.o(.text)
    DMA1_Channel1_IRQHandler                 0x080001cb   Thumb Code     0  startup_gd32f30x_hd.o(.text)
    DMA1_Channel2_IRQHandler                 0x080001cb   Thumb Code     0  startup_gd32f30x_hd.o(.text)
    DMA1_Channel3_4_IRQHandler               0x080001cb   Thumb Code     0  startup_gd32f30x_hd.o(.text)
    EXMC_IRQHandler                          0x080001cb   Thumb Code     0  startup_gd32f30x_hd.o(.text)
    EXTI0_IRQHandler                         0x080001cb   Thumb Code     0  startup_gd32f30x_hd.o(.text)
    EXTI10_15_IRQHandler                     0x080001cb   Thumb Code     0  startup_gd32f30x_hd.o(.text)
    EXTI1_IRQHandler                         0x080001cb   Thumb Code     0  startup_gd32f30x_hd.o(.text)
    EXTI2_IRQHandler                         0x080001cb   Thumb Code     0  startup_gd32f30x_hd.o(.text)
    EXTI3_IRQHandler                         0x080001cb   Thumb Code     0  startup_gd32f30x_hd.o(.text)
    EXTI4_IRQHandler                         0x080001cb   Thumb Code     0  startup_gd32f30x_hd.o(.text)
    EXTI5_9_IRQHandler                       0x080001cb   Thumb Code     0  startup_gd32f30x_hd.o(.text)
    FMC_IRQHandler                           0x080001cb   Thumb Code     0  startup_gd32f30x_hd.o(.text)
    I2C0_ER_IRQHandler                       0x080001cb   Thumb Code     0  startup_gd32f30x_hd.o(.text)
    I2C0_EV_IRQHandler                       0x080001cb   Thumb Code     0  startup_gd32f30x_hd.o(.text)
    I2C1_ER_IRQHandler                       0x080001cb   Thumb Code     0  startup_gd32f30x_hd.o(.text)
    I2C1_EV_IRQHandler                       0x080001cb   Thumb Code     0  startup_gd32f30x_hd.o(.text)
    LVD_IRQHandler                           0x080001cb   Thumb Code     0  startup_gd32f30x_hd.o(.text)
    RCU_CTC_IRQHandler                       0x080001cb   Thumb Code     0  startup_gd32f30x_hd.o(.text)
    RTC_Alarm_IRQHandler                     0x080001cb   Thumb Code     0  startup_gd32f30x_hd.o(.text)
    RTC_IRQHandler                           0x080001cb   Thumb Code     0  startup_gd32f30x_hd.o(.text)
    SDIO_IRQHandler                          0x080001cb   Thumb Code     0  startup_gd32f30x_hd.o(.text)
    SPI0_IRQHandler                          0x080001cb   Thumb Code     0  startup_gd32f30x_hd.o(.text)
    SPI1_IRQHandler                          0x080001cb   Thumb Code     0  startup_gd32f30x_hd.o(.text)
    SPI2_IRQHandler                          0x080001cb   Thumb Code     0  startup_gd32f30x_hd.o(.text)
    TAMPER_IRQHandler                        0x080001cb   Thumb Code     0  startup_gd32f30x_hd.o(.text)
    TIMER0_BRK_IRQHandler                    0x080001cb   Thumb Code     0  startup_gd32f30x_hd.o(.text)
    TIMER0_Channel_IRQHandler                0x080001cb   Thumb Code     0  startup_gd32f30x_hd.o(.text)
    TIMER0_TRG_CMT_IRQHandler                0x080001cb   Thumb Code     0  startup_gd32f30x_hd.o(.text)
    TIMER0_UP_IRQHandler                     0x080001cb   Thumb Code     0  startup_gd32f30x_hd.o(.text)
    TIMER1_IRQHandler                        0x080001cb   Thumb Code     0  startup_gd32f30x_hd.o(.text)
    TIMER2_IRQHandler                        0x080001cb   Thumb Code     0  startup_gd32f30x_hd.o(.text)
    TIMER3_IRQHandler                        0x080001cb   Thumb Code     0  startup_gd32f30x_hd.o(.text)
    TIMER4_IRQHandler                        0x080001cb   Thumb Code     0  startup_gd32f30x_hd.o(.text)
    TIMER5_IRQHandler                        0x080001cb   Thumb Code     0  startup_gd32f30x_hd.o(.text)
    TIMER6_IRQHandler                        0x080001cb   Thumb Code     0  startup_gd32f30x_hd.o(.text)
    TIMER7_BRK_IRQHandler                    0x080001cb   Thumb Code     0  startup_gd32f30x_hd.o(.text)
    TIMER7_Channel_IRQHandler                0x080001cb   Thumb Code     0  startup_gd32f30x_hd.o(.text)
    TIMER7_TRG_CMT_IRQHandler                0x080001cb   Thumb Code     0  startup_gd32f30x_hd.o(.text)
    TIMER7_UP_IRQHandler                     0x080001cb   Thumb Code     0  startup_gd32f30x_hd.o(.text)
    UART3_IRQHandler                         0x080001cb   Thumb Code     0  startup_gd32f30x_hd.o(.text)
    UART4_IRQHandler                         0x080001cb   Thumb Code     0  startup_gd32f30x_hd.o(.text)
    USART0_IRQHandler                        0x080001cb   Thumb Code     0  startup_gd32f30x_hd.o(.text)
    USART1_IRQHandler                        0x080001cb   Thumb Code     0  startup_gd32f30x_hd.o(.text)
    USART2_IRQHandler                        0x080001cb   Thumb Code     0  startup_gd32f30x_hd.o(.text)
    USBD_HP_CAN0_TX_IRQHandler               0x080001cb   Thumb Code     0  startup_gd32f30x_hd.o(.text)
    USBD_LP_CAN0_RX0_IRQHandler              0x080001cb   Thumb Code     0  startup_gd32f30x_hd.o(.text)
    USBD_WKUP_IRQHandler                     0x080001cb   Thumb Code     0  startup_gd32f30x_hd.o(.text)
    WWDGT_IRQHandler                         0x080001cb   Thumb Code     0  startup_gd32f30x_hd.o(.text)
    __user_initial_stackheap                 0x080001cd   Thumb Code    10  startup_gd32f30x_hd.o(.text)
    __use_two_region_memory                  0x080001f1   Thumb Code     2  heapauxi.o(.text)
    __rt_heap_escrow$2region                 0x080001f3   Thumb Code     2  heapauxi.o(.text)
    __rt_heap_expand$2region                 0x080001f5   Thumb Code     2  heapauxi.o(.text)
    __user_setup_stackheap                   0x080001f7   Thumb Code    74  sys_stackheap_outer.o(.text)
    exit                                     0x08000241   Thumb Code    18  exit.o(.text)
    __user_libspace                          0x08000255   Thumb Code     8  libspace.o(.text)
    __user_perproc_libspace                  0x08000255   Thumb Code     0  libspace.o(.text)
    __user_perthread_libspace                0x08000255   Thumb Code     0  libspace.o(.text)
    _sys_exit                                0x0800025d   Thumb Code     8  sys_exit.o(.text)
    __I$use$semihosting                      0x08000269   Thumb Code     0  use_no_semi.o(.text)
    __use_no_semihosting_swi                 0x08000269   Thumb Code     2  use_no_semi.o(.text)
    __semihosting_library_function           0x0800026b   Thumb Code     0  indicate_semi.o(.text)
    Delay                                    0x0800026d   Thumb Code    24  main.o(.text.Delay)
    LED_Init                                 0x08000285   Thumb Code    30  main.o(.text.LED_Init)
    LED_Off                                  0x080002a5   Thumb Code    18  main.o(.text.LED_Off)
    LED_On                                   0x080002b9   Thumb Code    18  main.o(.text.LED_On)
    SystemInit                               0x080002cd   Thumb Code    58  system_gd32f30x.o(.text.SystemInit)
    gpio_bit_reset                           0x08000309   Thumb Code     4  gd32f30x_gpio.o(.text.gpio_bit_reset)
    gpio_bit_set                             0x0800030d   Thumb Code     4  gd32f30x_gpio.o(.text.gpio_bit_set)
    gpio_init                                0x08000311   Thumb Code   180  gd32f30x_gpio.o(.text.gpio_init)
    main                                     0x080003c5   Thumb Code    26  main.o(.text.main)
    rcu_periph_clock_enable                  0x080003e1   Thumb Code    30  gd32f30x_rcu.o(.text.rcu_periph_clock_enable)
    Region$$Table$$Base                      0x080004dc   Number         0  anon$$obj.o(Region$$Table)
    Region$$Table$$Limit                     0x080004ec   Number         0  anon$$obj.o(Region$$Table)
    __libspace_start                         0x20000000   Data          96  libspace.o(.bss)
    __temporary_stack_top$libspace           0x20000060   Data           0  libspace.o(.bss)



==============================================================================

Memory Map of the image

  Image Entry point : 0x08000131

  Load Region LR_IROM1 (Base: 0x08000000, Size: 0x000004ec, Max: 0x00040000, ABSOLUTE)

    Execution Region ER_IROM1 (Exec base: 0x08000000, Load base: 0x08000000, Size: 0x000004ec, Max: 0x00040000, ABSOLUTE)

    Exec Addr    Load Addr    Size         Type   Attr      Idx    E Section Name        Object

    0x08000000   0x08000000   0x00000130   Data   RO         1370    RESET               startup_gd32f30x_hd.o
    0x08000130   0x08000130   0x00000008   Code   RO         1417  * !!!main             c_wu.l(__main.o)
    0x08000138   0x08000138   0x00000034   Code   RO         1580    !!!scatter          c_wu.l(__scatter.o)
    0x0800016c   0x0800016c   0x0000001c   Code   RO         1582    !!handler_zi        c_wu.l(__scatter_zi.o)
    0x08000188   0x08000188   0x00000002   Code   RO         1444    .ARM.Collect$$libinit$$00000000  c_wu.l(libinit.o)
    0x0800018a   0x0800018a   0x00000000   Code   RO         1451    .ARM.Collect$$libinit$$00000002  c_wu.l(libinit2.o)
    0x0800018a   0x0800018a   0x00000000   Code   RO         1453    .ARM.Collect$$libinit$$00000004  c_wu.l(libinit2.o)
    0x0800018a   0x0800018a   0x00000000   Code   RO         1456    .ARM.Collect$$libinit$$0000000A  c_wu.l(libinit2.o)
    0x0800018a   0x0800018a   0x00000000   Code   RO         1458    .ARM.Collect$$libinit$$0000000C  c_wu.l(libinit2.o)
    0x0800018a   0x0800018a   0x00000000   Code   RO         1460    .ARM.Collect$$libinit$$0000000E  c_wu.l(libinit2.o)
    0x0800018a   0x0800018a   0x00000000   Code   RO         1463    .ARM.Collect$$libinit$$00000011  c_wu.l(libinit2.o)
    0x0800018a   0x0800018a   0x00000000   Code   RO         1465    .ARM.Collect$$libinit$$00000013  c_wu.l(libinit2.o)
    0x0800018a   0x0800018a   0x00000000   Code   RO         1467    .ARM.Collect$$libinit$$00000015  c_wu.l(libinit2.o)
    0x0800018a   0x0800018a   0x00000000   Code   RO         1469    .ARM.Collect$$libinit$$00000017  c_wu.l(libinit2.o)
    0x0800018a   0x0800018a   0x00000000   Code   RO         1471    .ARM.Collect$$libinit$$00000019  c_wu.l(libinit2.o)
    0x0800018a   0x0800018a   0x00000000   Code   RO         1473    .ARM.Collect$$libinit$$0000001B  c_wu.l(libinit2.o)
    0x0800018a   0x0800018a   0x00000000   Code   RO         1475    .ARM.Collect$$libinit$$0000001D  c_wu.l(libinit2.o)
    0x0800018a   0x0800018a   0x00000000   Code   RO         1477    .ARM.Collect$$libinit$$0000001F  c_wu.l(libinit2.o)
    0x0800018a   0x0800018a   0x00000000   Code   RO         1479    .ARM.Collect$$libinit$$00000021  c_wu.l(libinit2.o)
    0x0800018a   0x0800018a   0x00000000   Code   RO         1481    .ARM.Collect$$libinit$$00000023  c_wu.l(libinit2.o)
    0x0800018a   0x0800018a   0x00000000   Code   RO         1483    .ARM.Collect$$libinit$$00000025  c_wu.l(libinit2.o)
    0x0800018a   0x0800018a   0x00000000   Code   RO         1487    .ARM.Collect$$libinit$$0000002C  c_wu.l(libinit2.o)
    0x0800018a   0x0800018a   0x00000000   Code   RO         1489    .ARM.Collect$$libinit$$0000002E  c_wu.l(libinit2.o)
    0x0800018a   0x0800018a   0x00000000   Code   RO         1491    .ARM.Collect$$libinit$$00000030  c_wu.l(libinit2.o)
    0x0800018a   0x0800018a   0x00000000   Code   RO         1493    .ARM.Collect$$libinit$$00000032  c_wu.l(libinit2.o)
    0x0800018a   0x0800018a   0x00000002   Code   RO         1494    .ARM.Collect$$libinit$$00000033  c_wu.l(libinit2.o)
    0x0800018c   0x0800018c   0x00000002   Code   RO         1516    .ARM.Collect$$libshutdown$$00000000  c_wu.l(libshutdown.o)
    0x0800018e   0x0800018e   0x00000000   Code   RO         1531    .ARM.Collect$$libshutdown$$00000002  c_wu.l(libshutdown2.o)
    0x0800018e   0x0800018e   0x00000000   Code   RO         1533    .ARM.Collect$$libshutdown$$00000004  c_wu.l(libshutdown2.o)
    0x0800018e   0x0800018e   0x00000000   Code   RO         1536    .ARM.Collect$$libshutdown$$00000007  c_wu.l(libshutdown2.o)
    0x0800018e   0x0800018e   0x00000000   Code   RO         1539    .ARM.Collect$$libshutdown$$0000000A  c_wu.l(libshutdown2.o)
    0x0800018e   0x0800018e   0x00000000   Code   RO         1541    .ARM.Collect$$libshutdown$$0000000C  c_wu.l(libshutdown2.o)
    0x0800018e   0x0800018e   0x00000000   Code   RO         1544    .ARM.Collect$$libshutdown$$0000000F  c_wu.l(libshutdown2.o)
    0x0800018e   0x0800018e   0x00000002   Code   RO         1545    .ARM.Collect$$libshutdown$$00000010  c_wu.l(libshutdown2.o)
    0x08000190   0x08000190   0x00000000   Code   RO         1419    .ARM.Collect$$rtentry$$00000000  c_wu.l(__rtentry.o)
    0x08000190   0x08000190   0x00000000   Code   RO         1421    .ARM.Collect$$rtentry$$00000002  c_wu.l(__rtentry2.o)
    0x08000190   0x08000190   0x00000006   Code   RO         1433    .ARM.Collect$$rtentry$$00000004  c_wu.l(__rtentry4.o)
    0x08000196   0x08000196   0x00000000   Code   RO         1423    .ARM.Collect$$rtentry$$00000009  c_wu.l(__rtentry2.o)
    0x08000196   0x08000196   0x00000004   Code   RO         1424    .ARM.Collect$$rtentry$$0000000A  c_wu.l(__rtentry2.o)
    0x0800019a   0x0800019a   0x00000000   Code   RO         1426    .ARM.Collect$$rtentry$$0000000C  c_wu.l(__rtentry2.o)
    0x0800019a   0x0800019a   0x00000008   Code   RO         1427    .ARM.Collect$$rtentry$$0000000D  c_wu.l(__rtentry2.o)
    0x080001a2   0x080001a2   0x00000002   Code   RO         1448    .ARM.Collect$$rtexit$$00000000  c_wu.l(rtexit.o)
    0x080001a4   0x080001a4   0x00000000   Code   RO         1496    .ARM.Collect$$rtexit$$00000002  c_wu.l(rtexit2.o)
    0x080001a4   0x080001a4   0x00000004   Code   RO         1497    .ARM.Collect$$rtexit$$00000003  c_wu.l(rtexit2.o)
    0x080001a8   0x080001a8   0x00000006   Code   RO         1498    .ARM.Collect$$rtexit$$00000004  c_wu.l(rtexit2.o)
    0x080001ae   0x080001ae   0x00000002   PAD
    0x080001b0   0x080001b0   0x00000040   Code   RO         1371    .text               startup_gd32f30x_hd.o
    0x080001f0   0x080001f0   0x00000006   Code   RO         1415    .text               c_wu.l(heapauxi.o)
    0x080001f6   0x080001f6   0x0000004a   Code   RO         1435    .text               c_wu.l(sys_stackheap_outer.o)
    0x08000240   0x08000240   0x00000012   Code   RO         1437    .text               c_wu.l(exit.o)
    0x08000252   0x08000252   0x00000002   PAD
    0x08000254   0x08000254   0x00000008   Code   RO         1445    .text               c_wu.l(libspace.o)
    0x0800025c   0x0800025c   0x0000000c   Code   RO         1506    .text               c_wu.l(sys_exit.o)
    0x08000268   0x08000268   0x00000002   Code   RO         1521    .text               c_wu.l(use_no_semi.o)
    0x0800026a   0x0800026a   0x00000000   Code   RO         1523    .text               c_wu.l(indicate_semi.o)
    0x0800026a   0x0800026a   0x00000002   PAD
    0x0800026c   0x0800026c   0x00000018   Code   RO         1401    .text.Delay         main.o
    0x08000284   0x08000284   0x0000001e   Code   RO         1395    .text.LED_Init      main.o
    0x080002a2   0x080002a2   0x00000002   PAD
    0x080002a4   0x080002a4   0x00000012   Code   RO         1399    .text.LED_Off       main.o
    0x080002b6   0x080002b6   0x00000002   PAD
    0x080002b8   0x080002b8   0x00000012   Code   RO         1397    .text.LED_On        main.o
    0x080002ca   0x080002ca   0x00000002   PAD
    0x080002cc   0x080002cc   0x0000003a   Code   RO         1378    .text.SystemInit    system_gd32f30x.o
    0x08000306   0x08000306   0x00000002   PAD
    0x08000308   0x08000308   0x00000004   Code   RO          605    .text.gpio_bit_reset  gd32f30x_gpio.o
    0x0800030c   0x0800030c   0x00000004   Code   RO          603    .text.gpio_bit_set  gd32f30x_gpio.o
    0x08000310   0x08000310   0x000000b4   Code   RO          601    .text.gpio_init     gd32f30x_gpio.o
    0x080003c4   0x080003c4   0x0000001a   Code   RO         1403    .text.main          main.o
    0x080003de   0x080003de   0x00000002   PAD
    0x080003e0   0x080003e0   0x0000001e   Code   RO          785    .text.rcu_periph_clock_enable  gd32f30x_rcu.o
    0x080003fe   0x080003fe   0x00000002   PAD
    0x08000400   0x08000400   0x000000d4   Code   RO         1384    .text.system_clock_120m_hxtal  system_gd32f30x.o
    0x080004d4   0x080004d4   0x00000008   Code   RO         1380    .text.system_clock_config  system_gd32f30x.o
    0x080004dc   0x080004dc   0x00000010   Data   RO         1579    Region$$Table       anon$$obj.o


    Execution Region RW_IRAM1 (Exec base: 0x20000000, Load base: 0x080004ec, Size: 0x00000860, Max: 0x0000c000, ABSOLUTE)

    Exec Addr    Load Addr    Size         Type   Attr      Idx    E Section Name        Object

    0x20000000        -       0x00000060   Zero   RW         1446    .bss                c_wu.l(libspace.o)
    0x20000060        -       0x00000400   Zero   RW         1369    HEAP                startup_gd32f30x_hd.o
    0x20000460        -       0x00000400   Zero   RW         1368    STACK               startup_gd32f30x_hd.o


==============================================================================

Image component sizes


      Code (inc. data)   RO Data    RW Data    ZI Data      Debug   Object Name

       188          0          0          0          0       5671   gd32f30x_gpio.o
        30          0          0          0          0      12503   gd32f30x_rcu.o
       116          0          0          0          0       1915   main.o
        64         26        304          0       2048        968   startup_gd32f30x_hd.o
       278          0          0          0          0       1805   system_gd32f30x.o

    ----------------------------------------------------------------------
       688         26        320          0       2048      22862   Object Totals
         0          0         16          0          0          0   (incl. Generated)
        12          0          0          0          0          0   (incl. Padding)

    ----------------------------------------------------------------------

      Code (inc. data)   RO Data    RW Data    ZI Data      Debug   Library Member Name

         8          0          0          0          0         68   __main.o
         0          0          0          0          0          0   __rtentry.o
        12          0          0          0          0          0   __rtentry2.o
         6          0          0          0          0          0   __rtentry4.o
        52          8          0          0          0          0   __scatter.o
        28          0          0          0          0          0   __scatter_zi.o
        18          0          0          0          0         80   exit.o
         6          0          0          0          0        152   heapauxi.o
         0          0          0          0          0          0   indicate_semi.o
         2          0          0          0          0          0   libinit.o
         2          0          0          0          0          0   libinit2.o
         2          0          0          0          0          0   libshutdown.o
         2          0          0          0          0          0   libshutdown2.o
         8          4          0          0         96         68   libspace.o
         2          0          0          0          0          0   rtexit.o
        10          0          0          0          0          0   rtexit2.o
        12          4          0          0          0         68   sys_exit.o
        74          0          0          0          0         80   sys_stackheap_outer.o
         2          0          0          0          0         68   use_no_semi.o

    ----------------------------------------------------------------------
       252         16          0          0         96        584   Library Totals
         6          0          0          0          0          0   (incl. Padding)

    ----------------------------------------------------------------------

      Code (inc. data)   RO Data    RW Data    ZI Data      Debug   Library Name

       246         16          0          0         96        584   c_wu.l

    ----------------------------------------------------------------------
       252         16          0          0         96        584   Library Totals

    ----------------------------------------------------------------------

==============================================================================


      Code (inc. data)   RO Data    RW Data    ZI Data      Debug   

       940         42        320          0       2144      23210   Grand Totals
       940         42        320          0       2144      23210   ELF Image Totals
       940         42        320          0          0          0   ROM Totals

==============================================================================

    Total RO  Size (Code + RO Data)                 1260 (   1.23kB)
    Total RW  Size (RW Data + ZI Data)              2144 (   2.09kB)
    Total ROM Size (Code + RO Data + RW Data)       1260 (   1.23kB)

==============================================================================

